17:50:04 **** Clean-only build of configuration Debug for project FSBL_tubii ****
make clean 
rm -rf  ./src/fsbl_handoff.o ./src/fsbl_hooks.o ./src/image_mover.o ./src/main.o ./src/md5.o ./src/nand.o ./src/nor.o ./src/pcap.o ./src/ps7_init.o ./src/qspi.o ./src/rsa.o ./src/sd.o  ./src/fsbl_handoff.d  ./src/fsbl_hooks.d ./src/image_mover.d ./src/main.d ./src/md5.d ./src/nand.d ./src/nor.d ./src/pcap.d ./src/ps7_init.d ./src/qspi.d ./src/rsa.d ./src/sd.d  FSBL_tubii.elf.size  FSBL_tubii.elf
 
17:50:05 **** Clean-only build of project standalone_bsp_0 ****
make -k clean 
make -C ps7_cortexa9_0/libsrc/dmaps_v2_3/src -s clean 
make -C ps7_cortexa9_0/libsrc/ddrps_v1_0/src -s clean 
make -C ps7_cortexa9_0/libsrc/testpulser_v1_00_a/src -s clean 
make -C ps7_cortexa9_0/libsrc/qspips_v3_4/src -s clean 
make -C ps7_cortexa9_0/libsrc/standalone_v6_7/src -s clean 
make -C ps7_cortexa9_0/libsrc/prescaletrigger_v1_00_a/src -s clean 
make -C ps7_cortexa9_0/libsrc/gpiops_v3_3/src -s clean 
make -C ps7_cortexa9_0/libsrc/countdisplay_v1_00_a/src -s clean 
make -C ps7_cortexa9_0/libsrc/emacps_v3_7/src -s clean 
make -C ps7_cortexa9_0/libsrc/scugic_v3_9/src -s clean 
make -C ps7_cortexa9_0/libsrc/uartps_v3_6/src -s clean 
make -C ps7_cortexa9_0/libsrc/prescalesignal_v1_00_a/src -s clean 
make -C ps7_cortexa9_0/libsrc/fifo_readout_v1_00_a/src -s clean 
make -C ps7_cortexa9_0/libsrc/common_v1_00_a/src -s clean 
make -C ps7_cortexa9_0/libsrc/xilffs_v3_9/src -s clean 
make -C ps7_cortexa9_0/libsrc/oneshot_pulse_v1_00_a/src -s clean 
make -C ps7_cortexa9_0/libsrc/testdelay_v1_00_a/src -s clean 
make -C ps7_cortexa9_0/libsrc/xadcps_v2_2/src -s clean 
make -C ps7_cortexa9_0/libsrc/implement_gtid_v1_00_a/src -s clean 
make -C ps7_cortexa9_0/libsrc/trigwordfifo_v1_00_a/src -s clean 
make -C ps7_cortexa9_0/libsrc/combotrigger_v1_00_a/src -s clean 
make -C ps7_cortexa9_0/libsrc/triggers_v1_00_a/src -s clean 
make -C ps7_cortexa9_0/libsrc/devcfg_v3_5/src -s clean 
make -C ps7_cortexa9_0/libsrc/bursttrigger_v1_00_a/src -s clean 
make -C ps7_cortexa9_0/libsrc/scuwdt_v2_1/src -s clean 
make -C ps7_cortexa9_0/libsrc/shiftregisters_v1_00_a/src -s clean 
make -C ps7_cortexa9_0/libsrc/usbps_v2_4/src -s clean 
make -C ps7_cortexa9_0/libsrc/ellie_control_v1_00_a/src -s clean 
make -C ps7_cortexa9_0/libsrc/clocklogic_v1_00_a/src -s clean 
make -C ps7_cortexa9_0/libsrc/sdps_v3_5/src -s clean 
make -C ps7_cortexa9_0/libsrc/cpu_cortexa9_v2_6/src -s clean 
make -C ps7_cortexa9_0/libsrc/coresightps_dcc_v1_4/src -s clean 
make -C ps7_cortexa9_0/libsrc/scutimer_v2_1/src -s clean 
rm -f ps7_cortexa9_0/lib/libxil.a
17:50:06 **** Build of project standalone_bsp_0 ****
make -k all 
Running Make include in ps7_cortexa9_0/libsrc/dmaps_v2_3/src
make -C ps7_cortexa9_0/libsrc/dmaps_v2_3/src -s include  "SHELL=/bin/sh" "COMPILER=arm-none-eabi-gcc" "ARCHIVER=arm-none-eabi-ar" "COMPILER_FLAGS=  -O2 -c" "EXTRA_COMPILER_FLAGS=-mcpu=cortex-a9 -mfpu=vfpv3 -mfloat-abi=hard -nostartfiles -g -Wall -Wextra"
Running Make include in ps7_cortexa9_0/libsrc/ddrps_v1_0/src
make -C ps7_cortexa9_0/libsrc/ddrps_v1_0/src -s include  "SHELL=/bin/sh" "COMPILER=arm-none-eabi-gcc" "ARCHIVER=arm-none-eabi-ar" "COMPILER_FLAGS=  -O2 -c" "EXTRA_COMPILER_FLAGS=-mcpu=cortex-a9 -mfpu=vfpv3 -mfloat-abi=hard -nostartfiles -g -Wall -Wextra"
Running Make include in ps7_cortexa9_0/libsrc/testpulser_v1_00_a/src
make -C ps7_cortexa9_0/libsrc/testpulser_v1_00_a/src -s include  "SHELL=/bin/sh" "COMPILER=arm-none-eabi-gcc" "ARCHIVER=arm-none-eabi-ar" "COMPILER_FLAGS=  -O2 -c" "EXTRA_COMPILER_FLAGS=-mcpu=cortex-a9 -mfpu=vfpv3 -mfloat-abi=hard -nostartfiles -g -Wall -Wextra"
Running Make include in ps7_cortexa9_0/libsrc/qspips_v3_4/src
make -C ps7_cortexa9_0/libsrc/qspips_v3_4/src -s include  "SHELL=/bin/sh" "COMPILER=arm-none-eabi-gcc" "ARCHIVER=arm-none-eabi-ar" "COMPILER_FLAGS=  -O2 -c" "EXTRA_COMPILER_FLAGS=-mcpu=cortex-a9 -mfpu=vfpv3 -mfloat-abi=hard -nostartfiles -g -Wall -Wextra"
Running Make include in ps7_cortexa9_0/libsrc/standalone_v6_7/src
make -C ps7_cortexa9_0/libsrc/standalone_v6_7/src -s include  "SHELL=/bin/sh" "COMPILER=arm-none-eabi-gcc" "ARCHIVER=arm-none-eabi-ar" "COMPILER_FLAGS=  -O2 -c" "EXTRA_COMPILER_FLAGS=-mcpu=cortex-a9 -mfpu=vfpv3 -mfloat-abi=hard -nostartfiles -g -Wall -Wextra"
Running Make include in ps7_cortexa9_0/libsrc/prescaletrigger_v1_00_a/src
make -C ps7_cortexa9_0/libsrc/prescaletrigger_v1_00_a/src -s include  "SHELL=/bin/sh" "COMPILER=arm-none-eabi-gcc" "ARCHIVER=arm-none-eabi-ar" "COMPILER_FLAGS=  -O2 -c" "EXTRA_COMPILER_FLAGS=-mcpu=cortex-a9 -mfpu=vfpv3 -mfloat-abi=hard -nostartfiles -g -Wall -Wextra"
Running Make include in ps7_cortexa9_0/libsrc/gpiops_v3_3/src
make -C ps7_cortexa9_0/libsrc/gpiops_v3_3/src -s include  "SHELL=/bin/sh" "COMPILER=arm-none-eabi-gcc" "ARCHIVER=arm-none-eabi-ar" "COMPILER_FLAGS=  -O2 -c" "EXTRA_COMPILER_FLAGS=-mcpu=cortex-a9 -mfpu=vfpv3 -mfloat-abi=hard -nostartfiles -g -Wall -Wextra"
Running Make include in ps7_cortexa9_0/libsrc/countdisplay_v1_00_a/src
make -C ps7_cortexa9_0/libsrc/countdisplay_v1_00_a/src -s include  "SHELL=/bin/sh" "COMPILER=arm-none-eabi-gcc" "ARCHIVER=arm-none-eabi-ar" "COMPILER_FLAGS=  -O2 -c" "EXTRA_COMPILER_FLAGS=-mcpu=cortex-a9 -mfpu=vfpv3 -mfloat-abi=hard -nostartfiles -g -Wall -Wextra"
Running Make include in ps7_cortexa9_0/libsrc/emacps_v3_7/src
make -C ps7_cortexa9_0/libsrc/emacps_v3_7/src -s include  "SHELL=/bin/sh" "COMPILER=arm-none-eabi-gcc" "ARCHIVER=arm-none-eabi-ar" "COMPILER_FLAGS=  -O2 -c" "EXTRA_COMPILER_FLAGS=-mcpu=cortex-a9 -mfpu=vfpv3 -mfloat-abi=hard -nostartfiles -g -Wall -Wextra"
Running Make include in ps7_cortexa9_0/libsrc/scugic_v3_9/src
make -C ps7_cortexa9_0/libsrc/scugic_v3_9/src -s include  "SHELL=/bin/sh" "COMPILER=arm-none-eabi-gcc" "ARCHIVER=arm-none-eabi-ar" "COMPILER_FLAGS=  -O2 -c" "EXTRA_COMPILER_FLAGS=-mcpu=cortex-a9 -mfpu=vfpv3 -mfloat-abi=hard -nostartfiles -g -Wall -Wextra"
Running Make include in ps7_cortexa9_0/libsrc/uartps_v3_6/src
make -C ps7_cortexa9_0/libsrc/uartps_v3_6/src -s include  "SHELL=/bin/sh" "COMPILER=arm-none-eabi-gcc" "ARCHIVER=arm-none-eabi-ar" "COMPILER_FLAGS=  -O2 -c" "EXTRA_COMPILER_FLAGS=-mcpu=cortex-a9 -mfpu=vfpv3 -mfloat-abi=hard -nostartfiles -g -Wall -Wextra"
Running Make include in ps7_cortexa9_0/libsrc/prescalesignal_v1_00_a/src
make -C ps7_cortexa9_0/libsrc/prescalesignal_v1_00_a/src -s include  "SHELL=/bin/sh" "COMPILER=arm-none-eabi-gcc" "ARCHIVER=arm-none-eabi-ar" "COMPILER_FLAGS=  -O2 -c" "EXTRA_COMPILER_FLAGS=-mcpu=cortex-a9 -mfpu=vfpv3 -mfloat-abi=hard -nostartfiles -g -Wall -Wextra"
Running Make include in ps7_cortexa9_0/libsrc/fifo_readout_v1_00_a/src
make -C ps7_cortexa9_0/libsrc/fifo_readout_v1_00_a/src -s include  "SHELL=/bin/sh" "COMPILER=arm-none-eabi-gcc" "ARCHIVER=arm-none-eabi-ar" "COMPILER_FLAGS=  -O2 -c" "EXTRA_COMPILER_FLAGS=-mcpu=cortex-a9 -mfpu=vfpv3 -mfloat-abi=hard -nostartfiles -g -Wall -Wextra"
Running Make include in ps7_cortexa9_0/libsrc/common_v1_00_a/src
make -C ps7_cortexa9_0/libsrc/common_v1_00_a/src -s include  "SHELL=/bin/sh" "COMPILER=arm-none-eabi-gcc" "ARCHIVER=arm-none-eabi-ar" "COMPILER_FLAGS=  -O2 -c" "EXTRA_COMPILER_FLAGS=-mcpu=cortex-a9 -mfpu=vfpv3 -mfloat-abi=hard -nostartfiles -g -Wall -Wextra"
Running Make include in ps7_cortexa9_0/libsrc/xilffs_v3_9/src
make -C ps7_cortexa9_0/libsrc/xilffs_v3_9/src -s include  "SHELL=/bin/sh" "COMPILER=arm-none-eabi-gcc" "ARCHIVER=arm-none-eabi-ar" "COMPILER_FLAGS=  -O2 -c" "EXTRA_COMPILER_FLAGS=-mcpu=cortex-a9 -mfpu=vfpv3 -mfloat-abi=hard -nostartfiles -g -Wall -Wextra"
Running Make include in ps7_cortexa9_0/libsrc/oneshot_pulse_v1_00_a/src
make -C ps7_cortexa9_0/libsrc/oneshot_pulse_v1_00_a/src -s include  "SHELL=/bin/sh" "COMPILER=arm-none-eabi-gcc" "ARCHIVER=arm-none-eabi-ar" "COMPILER_FLAGS=  -O2 -c" "EXTRA_COMPILER_FLAGS=-mcpu=cortex-a9 -mfpu=vfpv3 -mfloat-abi=hard -nostartfiles -g -Wall -Wextra"
Running Make include in ps7_cortexa9_0/libsrc/testdelay_v1_00_a/src
make -C ps7_cortexa9_0/libsrc/testdelay_v1_00_a/src -s include  "SHELL=/bin/sh" "COMPILER=arm-none-eabi-gcc" "ARCHIVER=arm-none-eabi-ar" "COMPILER_FLAGS=  -O2 -c" "EXTRA_COMPILER_FLAGS=-mcpu=cortex-a9 -mfpu=vfpv3 -mfloat-abi=hard -nostartfiles -g -Wall -Wextra"
Running Make include in ps7_cortexa9_0/libsrc/xadcps_v2_2/src
make -C ps7_cortexa9_0/libsrc/xadcps_v2_2/src -s include  "SHELL=/bin/sh" "COMPILER=arm-none-eabi-gcc" "ARCHIVER=arm-none-eabi-ar" "COMPILER_FLAGS=  -O2 -c" "EXTRA_COMPILER_FLAGS=-mcpu=cortex-a9 -mfpu=vfpv3 -mfloat-abi=hard -nostartfiles -g -Wall -Wextra"
Running Make include in ps7_cortexa9_0/libsrc/implement_gtid_v1_00_a/src
make -C ps7_cortexa9_0/libsrc/implement_gtid_v1_00_a/src -s include  "SHELL=/bin/sh" "COMPILER=arm-none-eabi-gcc" "ARCHIVER=arm-none-eabi-ar" "COMPILER_FLAGS=  -O2 -c" "EXTRA_COMPILER_FLAGS=-mcpu=cortex-a9 -mfpu=vfpv3 -mfloat-abi=hard -nostartfiles -g -Wall -Wextra"
Running Make include in ps7_cortexa9_0/libsrc/trigwordfifo_v1_00_a/src
make -C ps7_cortexa9_0/libsrc/trigwordfifo_v1_00_a/src -s include  "SHELL=/bin/sh" "COMPILER=arm-none-eabi-gcc" "ARCHIVER=arm-none-eabi-ar" "COMPILER_FLAGS=  -O2 -c" "EXTRA_COMPILER_FLAGS=-mcpu=cortex-a9 -mfpu=vfpv3 -mfloat-abi=hard -nostartfiles -g -Wall -Wextra"
Running Make include in ps7_cortexa9_0/libsrc/combotrigger_v1_00_a/src
make -C ps7_cortexa9_0/libsrc/combotrigger_v1_00_a/src -s include  "SHELL=/bin/sh" "COMPILER=arm-none-eabi-gcc" "ARCHIVER=arm-none-eabi-ar" "COMPILER_FLAGS=  -O2 -c" "EXTRA_COMPILER_FLAGS=-mcpu=cortex-a9 -mfpu=vfpv3 -mfloat-abi=hard -nostartfiles -g -Wall -Wextra"
Running Make include in ps7_cortexa9_0/libsrc/triggers_v1_00_a/src
make -C ps7_cortexa9_0/libsrc/triggers_v1_00_a/src -s include  "SHELL=/bin/sh" "COMPILER=arm-none-eabi-gcc" "ARCHIVER=arm-none-eabi-ar" "COMPILER_FLAGS=  -O2 -c" "EXTRA_COMPILER_FLAGS=-mcpu=cortex-a9 -mfpu=vfpv3 -mfloat-abi=hard -nostartfiles -g -Wall -Wextra"
Running Make include in ps7_cortexa9_0/libsrc/devcfg_v3_5/src
make -C ps7_cortexa9_0/libsrc/devcfg_v3_5/src -s include  "SHELL=/bin/sh" "COMPILER=arm-none-eabi-gcc" "ARCHIVER=arm-none-eabi-ar" "COMPILER_FLAGS=  -O2 -c" "EXTRA_COMPILER_FLAGS=-mcpu=cortex-a9 -mfpu=vfpv3 -mfloat-abi=hard -nostartfiles -g -Wall -Wextra"
Running Make include in ps7_cortexa9_0/libsrc/bursttrigger_v1_00_a/src
make -C ps7_cortexa9_0/libsrc/bursttrigger_v1_00_a/src -s include  "SHELL=/bin/sh" "COMPILER=arm-none-eabi-gcc" "ARCHIVER=arm-none-eabi-ar" "COMPILER_FLAGS=  -O2 -c" "EXTRA_COMPILER_FLAGS=-mcpu=cortex-a9 -mfpu=vfpv3 -mfloat-abi=hard -nostartfiles -g -Wall -Wextra"
Running Make include in ps7_cortexa9_0/libsrc/scuwdt_v2_1/src
make -C ps7_cortexa9_0/libsrc/scuwdt_v2_1/src -s include  "SHELL=/bin/sh" "COMPILER=arm-none-eabi-gcc" "ARCHIVER=arm-none-eabi-ar" "COMPILER_FLAGS=  -O2 -c" "EXTRA_COMPILER_FLAGS=-mcpu=cortex-a9 -mfpu=vfpv3 -mfloat-abi=hard -nostartfiles -g -Wall -Wextra"
Running Make include in ps7_cortexa9_0/libsrc/shiftregisters_v1_00_a/src
make -C ps7_cortexa9_0/libsrc/shiftregisters_v1_00_a/src -s include  "SHELL=/bin/sh" "COMPILER=arm-none-eabi-gcc" "ARCHIVER=arm-none-eabi-ar" "COMPILER_FLAGS=  -O2 -c" "EXTRA_COMPILER_FLAGS=-mcpu=cortex-a9 -mfpu=vfpv3 -mfloat-abi=hard -nostartfiles -g -Wall -Wextra"
Running Make include in ps7_cortexa9_0/libsrc/usbps_v2_4/src
make -C ps7_cortexa9_0/libsrc/usbps_v2_4/src -s include  "SHELL=/bin/sh" "COMPILER=arm-none-eabi-gcc" "ARCHIVER=arm-none-eabi-ar" "COMPILER_FLAGS=  -O2 -c" "EXTRA_COMPILER_FLAGS=-mcpu=cortex-a9 -mfpu=vfpv3 -mfloat-abi=hard -nostartfiles -g -Wall -Wextra"
Running Make include in ps7_cortexa9_0/libsrc/ellie_control_v1_00_a/src
make -C ps7_cortexa9_0/libsrc/ellie_control_v1_00_a/src -s include  "SHELL=/bin/sh" "COMPILER=arm-none-eabi-gcc" "ARCHIVER=arm-none-eabi-ar" "COMPILER_FLAGS=  -O2 -c" "EXTRA_COMPILER_FLAGS=-mcpu=cortex-a9 -mfpu=vfpv3 -mfloat-abi=hard -nostartfiles -g -Wall -Wextra"
Running Make include in ps7_cortexa9_0/libsrc/clocklogic_v1_00_a/src
make -C ps7_cortexa9_0/libsrc/clocklogic_v1_00_a/src -s include  "SHELL=/bin/sh" "COMPILER=arm-none-eabi-gcc" "ARCHIVER=arm-none-eabi-ar" "COMPILER_FLAGS=  -O2 -c" "EXTRA_COMPILER_FLAGS=-mcpu=cortex-a9 -mfpu=vfpv3 -mfloat-abi=hard -nostartfiles -g -Wall -Wextra"
Running Make include in ps7_cortexa9_0/libsrc/sdps_v3_5/src
make -C ps7_cortexa9_0/libsrc/sdps_v3_5/src -s include  "SHELL=/bin/sh" "COMPILER=arm-none-eabi-gcc" "ARCHIVER=arm-none-eabi-ar" "COMPILER_FLAGS=  -O2 -c" "EXTRA_COMPILER_FLAGS=-mcpu=cortex-a9 -mfpu=vfpv3 -mfloat-abi=hard -nostartfiles -g -Wall -Wextra"
Running Make include in ps7_cortexa9_0/libsrc/cpu_cortexa9_v2_6/src
make -C ps7_cortexa9_0/libsrc/cpu_cortexa9_v2_6/src -s include  "SHELL=/bin/sh" "COMPILER=arm-none-eabi-gcc" "ARCHIVER=arm-none-eabi-ar" "COMPILER_FLAGS=  -O2 -c" "EXTRA_COMPILER_FLAGS=-mcpu=cortex-a9 -mfpu=vfpv3 -mfloat-abi=hard -nostartfiles -g -Wall -Wextra"
Running Make include in ps7_cortexa9_0/libsrc/coresightps_dcc_v1_4/src
make -C ps7_cortexa9_0/libsrc/coresightps_dcc_v1_4/src -s include  "SHELL=/bin/sh" "COMPILER=arm-none-eabi-gcc" "ARCHIVER=arm-none-eabi-ar" "COMPILER_FLAGS=  -O2 -c" "EXTRA_COMPILER_FLAGS=-mcpu=cortex-a9 -mfpu=vfpv3 -mfloat-abi=hard -nostartfiles -g -Wall -Wextra"
Running Make include in ps7_cortexa9_0/libsrc/scutimer_v2_1/src
make -C ps7_cortexa9_0/libsrc/scutimer_v2_1/src -s include  "SHELL=/bin/sh" "COMPILER=arm-none-eabi-gcc" "ARCHIVER=arm-none-eabi-ar" "COMPILER_FLAGS=  -O2 -c" "EXTRA_COMPILER_FLAGS=-mcpu=cortex-a9 -mfpu=vfpv3 -mfloat-abi=hard -nostartfiles -g -Wall -Wextra"
Running Make libs in ps7_cortexa9_0/libsrc/dmaps_v2_3/src
make -C ps7_cortexa9_0/libsrc/dmaps_v2_3/src -s libs  "SHELL=/bin/sh" "COMPILER=arm-none-eabi-gcc" "ARCHIVER=arm-none-eabi-ar" "COMPILER_FLAGS=  -O2 -c" "EXTRA_COMPILER_FLAGS=-mcpu=cortex-a9 -mfpu=vfpv3 -mfloat-abi=hard -nostartfiles -g -Wall -Wextra"
Compiling dmaps
arm-none-eabi-ar: creating ../../../lib/libxil.a
Running Make libs in ps7_cortexa9_0/libsrc/ddrps_v1_0/src
make -C ps7_cortexa9_0/libsrc/ddrps_v1_0/src -s libs  "SHELL=/bin/sh" "COMPILER=arm-none-eabi-gcc" "ARCHIVER=arm-none-eabi-ar" "COMPILER_FLAGS=  -O2 -c" "EXTRA_COMPILER_FLAGS=-mcpu=cortex-a9 -mfpu=vfpv3 -mfloat-abi=hard -nostartfiles -g -Wall -Wextra"
Compiling ddrps
Running Make libs in ps7_cortexa9_0/libsrc/testpulser_v1_00_a/src
make -C ps7_cortexa9_0/libsrc/testpulser_v1_00_a/src -s libs  "SHELL=/bin/sh" "COMPILER=arm-none-eabi-gcc" "ARCHIVER=arm-none-eabi-ar" "COMPILER_FLAGS=  -O2 -c" "EXTRA_COMPILER_FLAGS=-mcpu=cortex-a9 -mfpu=vfpv3 -mfloat-abi=hard -nostartfiles -g -Wall -Wextra"
Compiling testPulser...
testPulser_selftest.c: In function 'TESTPULSER_Reg_SelfTest':
testPulser_selftest.c:52:59: warning: comparison between signed and unsigned integer expressions [-Wsign-compare]
    if ( TESTPULSER_mReadReg (baseaddr, read_loop_index*4) != (read_loop_index+1)*READ_WRITE_MUL_FACTOR){
                                                           ^~
testPulser_selftest.c:36:6: warning: unused variable 'Index' [-Wunused-variable]
  int Index;
      ^~~~~
Running Make libs in ps7_cortexa9_0/libsrc/qspips_v3_4/src
make -C ps7_cortexa9_0/libsrc/qspips_v3_4/src -s libs  "SHELL=/bin/sh" "COMPILER=arm-none-eabi-gcc" "ARCHIVER=arm-none-eabi-ar" "COMPILER_FLAGS=  -O2 -c" "EXTRA_COMPILER_FLAGS=-mcpu=cortex-a9 -mfpu=vfpv3 -mfloat-abi=hard -nostartfiles -g -Wall -Wextra"
Compiling qspips
Running Make libs in ps7_cortexa9_0/libsrc/standalone_v6_7/src
make -C ps7_cortexa9_0/libsrc/standalone_v6_7/src -s libs  "SHELL=/bin/sh" "COMPILER=arm-none-eabi-gcc" "ARCHIVER=arm-none-eabi-ar" "COMPILER_FLAGS=  -O2 -c" "EXTRA_COMPILER_FLAGS=-mcpu=cortex-a9 -mfpu=vfpv3 -mfloat-abi=hard -nostartfiles -g -Wall -Wextra"
Compiling standalone
Running Make libs in ps7_cortexa9_0/libsrc/prescaletrigger_v1_00_a/src
make -C ps7_cortexa9_0/libsrc/prescaletrigger_v1_00_a/src -s libs  "SHELL=/bin/sh" "COMPILER=arm-none-eabi-gcc" "ARCHIVER=arm-none-eabi-ar" "COMPILER_FLAGS=  -O2 -c" "EXTRA_COMPILER_FLAGS=-mcpu=cortex-a9 -mfpu=vfpv3 -mfloat-abi=hard -nostartfiles -g -Wall -Wextra"
Compiling prescaleTrigger...
prescaleTrigger_selftest.c: In function 'PRESCALETRIGGER_Reg_SelfTest':
prescaleTrigger_selftest.c:52:64: warning: comparison between signed and unsigned integer expressions [-Wsign-compare]
    if ( PRESCALETRIGGER_mReadReg (baseaddr, read_loop_index*4) != (read_loop_index+1)*READ_WRITE_MUL_FACTOR){
                                                                ^~
prescaleTrigger_selftest.c:36:6: warning: unused variable 'Index' [-Wunused-variable]
  int Index;
      ^~~~~
Running Make libs in ps7_cortexa9_0/libsrc/gpiops_v3_3/src
make -C ps7_cortexa9_0/libsrc/gpiops_v3_3/src -s libs  "SHELL=/bin/sh" "COMPILER=arm-none-eabi-gcc" "ARCHIVER=arm-none-eabi-ar" "COMPILER_FLAGS=  -O2 -c" "EXTRA_COMPILER_FLAGS=-mcpu=cortex-a9 -mfpu=vfpv3 -mfloat-abi=hard -nostartfiles -g -Wall -Wextra"
Compiling gpiops
Running Make libs in ps7_cortexa9_0/libsrc/countdisplay_v1_00_a/src
make -C ps7_cortexa9_0/libsrc/countdisplay_v1_00_a/src -s libs  "SHELL=/bin/sh" "COMPILER=arm-none-eabi-gcc" "ARCHIVER=arm-none-eabi-ar" "COMPILER_FLAGS=  -O2 -c" "EXTRA_COMPILER_FLAGS=-mcpu=cortex-a9 -mfpu=vfpv3 -mfloat-abi=hard -nostartfiles -g -Wall -Wextra"
Compiling countDisplay...
countDisplay_selftest.c: In function 'COUNTDISPLAY_Reg_SelfTest':
countDisplay_selftest.c:52:61: warning: comparison between signed and unsigned integer expressions [-Wsign-compare]
    if ( COUNTDISPLAY_mReadReg (baseaddr, read_loop_index*4) != (read_loop_index+1)*READ_WRITE_MUL_FACTOR){
                                                             ^~
countDisplay_selftest.c:36:6: warning: unused variable 'Index' [-Wunused-variable]
  int Index;
      ^~~~~
Running Make libs in ps7_cortexa9_0/libsrc/emacps_v3_7/src
make -C ps7_cortexa9_0/libsrc/emacps_v3_7/src -s libs  "SHELL=/bin/sh" "COMPILER=arm-none-eabi-gcc" "ARCHIVER=arm-none-eabi-ar" "COMPILER_FLAGS=  -O2 -c" "EXTRA_COMPILER_FLAGS=-mcpu=cortex-a9 -mfpu=vfpv3 -mfloat-abi=hard -nostartfiles -g -Wall -Wextra"
Compiling emacps
Running Make libs in ps7_cortexa9_0/libsrc/scugic_v3_9/src
make -C ps7_cortexa9_0/libsrc/scugic_v3_9/src -s libs  "SHELL=/bin/sh" "COMPILER=arm-none-eabi-gcc" "ARCHIVER=arm-none-eabi-ar" "COMPILER_FLAGS=  -O2 -c" "EXTRA_COMPILER_FLAGS=-mcpu=cortex-a9 -mfpu=vfpv3 -mfloat-abi=hard -nostartfiles -g -Wall -Wextra"
Compiling scugic
Running Make libs in ps7_cortexa9_0/libsrc/uartps_v3_6/src
make -C ps7_cortexa9_0/libsrc/uartps_v3_6/src -s libs  "SHELL=/bin/sh" "COMPILER=arm-none-eabi-gcc" "ARCHIVER=arm-none-eabi-ar" "COMPILER_FLAGS=  -O2 -c" "EXTRA_COMPILER_FLAGS=-mcpu=cortex-a9 -mfpu=vfpv3 -mfloat-abi=hard -nostartfiles -g -Wall -Wextra"
Compiling uartps
Running Make libs in ps7_cortexa9_0/libsrc/prescalesignal_v1_00_a/src
make -C ps7_cortexa9_0/libsrc/prescalesignal_v1_00_a/src -s libs  "SHELL=/bin/sh" "COMPILER=arm-none-eabi-gcc" "ARCHIVER=arm-none-eabi-ar" "COMPILER_FLAGS=  -O2 -c" "EXTRA_COMPILER_FLAGS=-mcpu=cortex-a9 -mfpu=vfpv3 -mfloat-abi=hard -nostartfiles -g -Wall -Wextra"
Compiling prescaleSignal...
prescaleSignal_selftest.c: In function 'PRESCALESIGNAL_Reg_SelfTest':
prescaleSignal_selftest.c:52:63: warning: comparison between signed and unsigned integer expressions [-Wsign-compare]
    if ( PRESCALESIGNAL_mReadReg (baseaddr, read_loop_index*4) != (read_loop_index+1)*READ_WRITE_MUL_FACTOR){
                                                               ^~
prescaleSignal_selftest.c:36:6: warning: unused variable 'Index' [-Wunused-variable]
  int Index;
      ^~~~~
Running Make libs in ps7_cortexa9_0/libsrc/fifo_readout_v1_00_a/src
make -C ps7_cortexa9_0/libsrc/fifo_readout_v1_00_a/src -s libs  "SHELL=/bin/sh" "COMPILER=arm-none-eabi-gcc" "ARCHIVER=arm-none-eabi-ar" "COMPILER_FLAGS=  -O2 -c" "EXTRA_COMPILER_FLAGS=-mcpu=cortex-a9 -mfpu=vfpv3 -mfloat-abi=hard -nostartfiles -g -Wall -Wextra"
Compiling fifo_readout...
fifo_readout_selftest.c: In function 'FIFO_READOUT_Reg_SelfTest':
fifo_readout_selftest.c:52:61: warning: comparison between signed and unsigned integer expressions [-Wsign-compare]
    if ( FIFO_READOUT_mReadReg (baseaddr, read_loop_index*4) != (read_loop_index+1)*READ_WRITE_MUL_FACTOR){
                                                             ^~
fifo_readout_selftest.c:36:6: warning: unused variable 'Index' [-Wunused-variable]
  int Index;
      ^~~~~
Running Make libs in ps7_cortexa9_0/libsrc/common_v1_00_a/src
make -C ps7_cortexa9_0/libsrc/common_v1_00_a/src -s libs  "SHELL=/bin/sh" "COMPILER=arm-none-eabi-gcc" "ARCHIVER=arm-none-eabi-ar" "COMPILER_FLAGS=  -O2 -c" "EXTRA_COMPILER_FLAGS=-mcpu=cortex-a9 -mfpu=vfpv3 -mfloat-abi=hard -nostartfiles -g -Wall -Wextra"
Compiling common
xutil_memtest.c: In function 'XUtil_MemoryTest32':
xutil_memtest.c:161:7: warning: this statement may fall through [-Wimplicit-fallthrough=]
    if (Subtest != XUT_ALLMEMTESTS) {
       ^
xutil_memtest.c:170:2: note: here
  case XUT_WALKONES:
  ^~~~
xutil_memtest.c:222:7: warning: this statement may fall through [-Wimplicit-fallthrough=]
    if (Subtest != XUT_ALLMEMTESTS) {
       ^
xutil_memtest.c:231:2: note: here
  case XUT_WALKZEROS:
  ^~~~
xutil_memtest.c:286:7: warning: this statement may fall through [-Wimplicit-fallthrough=]
    if (Subtest != XUT_ALLMEMTESTS) {
       ^
xutil_memtest.c:294:2: note: here
  case XUT_INVERSEADDR:
  ^~~~
xutil_memtest.c:327:7: warning: this statement may fall through [-Wimplicit-fallthrough=]
    if (Subtest != XUT_ALLMEMTESTS) {
       ^
xutil_memtest.c:337:2: note: here
  case XUT_FIXEDPATTERN:
  ^~~~
xutil_memtest.c: In function 'XUtil_MemoryTest16':
xutil_memtest.c:496:7: warning: this statement may fall through [-Wimplicit-fallthrough=]
    if (Subtest != XUT_ALLMEMTESTS) {
       ^
xutil_memtest.c:504:2: note: here
  case XUT_WALKONES:
  ^~~~
xutil_memtest.c:559:7: warning: this statement may fall through [-Wimplicit-fallthrough=]
    if (Subtest != XUT_ALLMEMTESTS) {
       ^
xutil_memtest.c:568:2: note: here
  case XUT_WALKZEROS:
  ^~~~
xutil_memtest.c:625:7: warning: this statement may fall through [-Wimplicit-fallthrough=]
    if (Subtest != XUT_ALLMEMTESTS) {
       ^
xutil_memtest.c:633:2: note: here
  case XUT_INVERSEADDR:
  ^~~~
xutil_memtest.c:664:7: warning: this statement may fall through [-Wimplicit-fallthrough=]
    if (Subtest != XUT_ALLMEMTESTS) {
       ^
xutil_memtest.c:674:2: note: here
  case XUT_FIXEDPATTERN:
  ^~~~
xutil_memtest.c: In function 'XUtil_MemoryTest8':
xutil_memtest.c:836:7: warning: this statement may fall through [-Wimplicit-fallthrough=]
    if (Subtest != XUT_ALLMEMTESTS) {
       ^
xutil_memtest.c:845:2: note: here
  case XUT_WALKONES:
  ^~~~
xutil_memtest.c:897:7: warning: this statement may fall through [-Wimplicit-fallthrough=]
    if (Subtest != XUT_ALLMEMTESTS) {
       ^
xutil_memtest.c:906:2: note: here
  case XUT_WALKZEROS:
  ^~~~
xutil_memtest.c:962:7: warning: this statement may fall through [-Wimplicit-fallthrough=]
    if (Subtest != XUT_ALLMEMTESTS) {
       ^
xutil_memtest.c:970:2: note: here
  case XUT_INVERSEADDR:
  ^~~~
xutil_memtest.c:1002:7: warning: this statement may fall through [-Wimplicit-fallthrough=]
    if (Subtest != XUT_ALLMEMTESTS) {
       ^
xutil_memtest.c:1012:2: note: here
  case XUT_FIXEDPATTERN:
  ^~~~
Running Make libs in ps7_cortexa9_0/libsrc/xilffs_v3_9/src
make -C ps7_cortexa9_0/libsrc/xilffs_v3_9/src -s libs  "SHELL=/bin/sh" "COMPILER=arm-none-eabi-gcc" "ARCHIVER=arm-none-eabi-ar" "COMPILER_FLAGS=  -O2 -c" "EXTRA_COMPILER_FLAGS=-mcpu=cortex-a9 -mfpu=vfpv3 -mfloat-abi=hard -nostartfiles -g -Wall -Wextra"
Compiling XilFFs Library
Running Make libs in ps7_cortexa9_0/libsrc/oneshot_pulse_v1_00_a/src
make -C ps7_cortexa9_0/libsrc/oneshot_pulse_v1_00_a/src -s libs  "SHELL=/bin/sh" "COMPILER=arm-none-eabi-gcc" "ARCHIVER=arm-none-eabi-ar" "COMPILER_FLAGS=  -O2 -c" "EXTRA_COMPILER_FLAGS=-mcpu=cortex-a9 -mfpu=vfpv3 -mfloat-abi=hard -nostartfiles -g -Wall -Wextra"
Compiling oneshot_pulse...
oneshot_pulse_selftest.c: In function 'ONESHOT_PULSE_Reg_SelfTest':
oneshot_pulse_selftest.c:52:62: warning: comparison between signed and unsigned integer expressions [-Wsign-compare]
    if ( ONESHOT_PULSE_mReadReg (baseaddr, read_loop_index*4) != (read_loop_index+1)*READ_WRITE_MUL_FACTOR){
                                                              ^~
oneshot_pulse_selftest.c:36:6: warning: unused variable 'Index' [-Wunused-variable]
  int Index;
      ^~~~~
Running Make libs in ps7_cortexa9_0/libsrc/testdelay_v1_00_a/src
make -C ps7_cortexa9_0/libsrc/testdelay_v1_00_a/src -s libs  "SHELL=/bin/sh" "COMPILER=arm-none-eabi-gcc" "ARCHIVER=arm-none-eabi-ar" "COMPILER_FLAGS=  -O2 -c" "EXTRA_COMPILER_FLAGS=-mcpu=cortex-a9 -mfpu=vfpv3 -mfloat-abi=hard -nostartfiles -g -Wall -Wextra"
Compiling testDelay...
testDelay_selftest.c: In function 'TESTDELAY_Reg_SelfTest':
testDelay_selftest.c:52:58: warning: comparison between signed and unsigned integer expressions [-Wsign-compare]
    if ( TESTDELAY_mReadReg (baseaddr, read_loop_index*4) != (read_loop_index+1)*READ_WRITE_MUL_FACTOR){
                                                          ^~
testDelay_selftest.c:36:6: warning: unused variable 'Index' [-Wunused-variable]
  int Index;
      ^~~~~
Running Make libs in ps7_cortexa9_0/libsrc/xadcps_v2_2/src
make -C ps7_cortexa9_0/libsrc/xadcps_v2_2/src -s libs  "SHELL=/bin/sh" "COMPILER=arm-none-eabi-gcc" "ARCHIVER=arm-none-eabi-ar" "COMPILER_FLAGS=  -O2 -c" "EXTRA_COMPILER_FLAGS=-mcpu=cortex-a9 -mfpu=vfpv3 -mfloat-abi=hard -nostartfiles -g -Wall -Wextra"
Compiling xadcps
Running Make libs in ps7_cortexa9_0/libsrc/implement_gtid_v1_00_a/src
make -C ps7_cortexa9_0/libsrc/implement_gtid_v1_00_a/src -s libs  "SHELL=/bin/sh" "COMPILER=arm-none-eabi-gcc" "ARCHIVER=arm-none-eabi-ar" "COMPILER_FLAGS=  -O2 -c" "EXTRA_COMPILER_FLAGS=-mcpu=cortex-a9 -mfpu=vfpv3 -mfloat-abi=hard -nostartfiles -g -Wall -Wextra"
Compiling implement_gtid...
implement_gtid_selftest.c: In function 'IMPLEMENT_GTID_Reg_SelfTest':
implement_gtid_selftest.c:52:63: warning: comparison between signed and unsigned integer expressions [-Wsign-compare]
    if ( IMPLEMENT_GTID_mReadReg (baseaddr, read_loop_index*4) != (read_loop_index+1)*READ_WRITE_MUL_FACTOR){
                                                               ^~
implement_gtid_selftest.c:36:6: warning: unused variable 'Index' [-Wunused-variable]
  int Index;
      ^~~~~
Running Make libs in ps7_cortexa9_0/libsrc/trigwordfifo_v1_00_a/src
make -C ps7_cortexa9_0/libsrc/trigwordfifo_v1_00_a/src -s libs  "SHELL=/bin/sh" "COMPILER=arm-none-eabi-gcc" "ARCHIVER=arm-none-eabi-ar" "COMPILER_FLAGS=  -O2 -c" "EXTRA_COMPILER_FLAGS=-mcpu=cortex-a9 -mfpu=vfpv3 -mfloat-abi=hard -nostartfiles -g -Wall -Wextra"
Compiling trigwordfifo...
trigwordfifo_selftest.c: In function 'TRIGWORDFIFO_Reg_SelfTest':
trigwordfifo_selftest.c:52:61: warning: comparison between signed and unsigned integer expressions [-Wsign-compare]
    if ( TRIGWORDFIFO_mReadReg (baseaddr, read_loop_index*4) != (read_loop_index+1)*READ_WRITE_MUL_FACTOR){
                                                             ^~
trigwordfifo_selftest.c:36:6: warning: unused variable 'Index' [-Wunused-variable]
  int Index;
      ^~~~~
Running Make libs in ps7_cortexa9_0/libsrc/combotrigger_v1_00_a/src
make -C ps7_cortexa9_0/libsrc/combotrigger_v1_00_a/src -s libs  "SHELL=/bin/sh" "COMPILER=arm-none-eabi-gcc" "ARCHIVER=arm-none-eabi-ar" "COMPILER_FLAGS=  -O2 -c" "EXTRA_COMPILER_FLAGS=-mcpu=cortex-a9 -mfpu=vfpv3 -mfloat-abi=hard -nostartfiles -g -Wall -Wextra"
Compiling comboTrigger...
comboTrigger_selftest.c: In function 'COMBOTRIGGER_Reg_SelfTest':
comboTrigger_selftest.c:52:61: warning: comparison between signed and unsigned integer expressions [-Wsign-compare]
    if ( COMBOTRIGGER_mReadReg (baseaddr, read_loop_index*4) != (read_loop_index+1)*READ_WRITE_MUL_FACTOR){
                                                             ^~
comboTrigger_selftest.c:36:6: warning: unused variable 'Index' [-Wunused-variable]
  int Index;
      ^~~~~
Running Make libs in ps7_cortexa9_0/libsrc/triggers_v1_00_a/src
make -C ps7_cortexa9_0/libsrc/triggers_v1_00_a/src -s libs  "SHELL=/bin/sh" "COMPILER=arm-none-eabi-gcc" "ARCHIVER=arm-none-eabi-ar" "COMPILER_FLAGS=  -O2 -c" "EXTRA_COMPILER_FLAGS=-mcpu=cortex-a9 -mfpu=vfpv3 -mfloat-abi=hard -nostartfiles -g -Wall -Wextra"
Compiling triggers...
triggers_selftest.c: In function 'TRIGGERS_Reg_SelfTest':
triggers_selftest.c:52:57: warning: comparison between signed and unsigned integer expressions [-Wsign-compare]
    if ( TRIGGERS_mReadReg (baseaddr, read_loop_index*4) != (read_loop_index+1)*READ_WRITE_MUL_FACTOR){
                                                         ^~
triggers_selftest.c:36:6: warning: unused variable 'Index' [-Wunused-variable]
  int Index;
      ^~~~~
Running Make libs in ps7_cortexa9_0/libsrc/devcfg_v3_5/src
make -C ps7_cortexa9_0/libsrc/devcfg_v3_5/src -s libs  "SHELL=/bin/sh" "COMPILER=arm-none-eabi-gcc" "ARCHIVER=arm-none-eabi-ar" "COMPILER_FLAGS=  -O2 -c" "EXTRA_COMPILER_FLAGS=-mcpu=cortex-a9 -mfpu=vfpv3 -mfloat-abi=hard -nostartfiles -g -Wall -Wextra"
Compiling devcfg
Running Make libs in ps7_cortexa9_0/libsrc/bursttrigger_v1_00_a/src
make -C ps7_cortexa9_0/libsrc/bursttrigger_v1_00_a/src -s libs  "SHELL=/bin/sh" "COMPILER=arm-none-eabi-gcc" "ARCHIVER=arm-none-eabi-ar" "COMPILER_FLAGS=  -O2 -c" "EXTRA_COMPILER_FLAGS=-mcpu=cortex-a9 -mfpu=vfpv3 -mfloat-abi=hard -nostartfiles -g -Wall -Wextra"
Compiling burstTrigger...
burstTrigger_selftest.c: In function 'BURSTTRIGGER_Reg_SelfTest':
burstTrigger_selftest.c:52:61: warning: comparison between signed and unsigned integer expressions [-Wsign-compare]
    if ( BURSTTRIGGER_mReadReg (baseaddr, read_loop_index*4) != (read_loop_index+1)*READ_WRITE_MUL_FACTOR){
                                                             ^~
burstTrigger_selftest.c:36:6: warning: unused variable 'Index' [-Wunused-variable]
  int Index;
      ^~~~~
Running Make libs in ps7_cortexa9_0/libsrc/scuwdt_v2_1/src
make -C ps7_cortexa9_0/libsrc/scuwdt_v2_1/src -s libs  "SHELL=/bin/sh" "COMPILER=arm-none-eabi-gcc" "ARCHIVER=arm-none-eabi-ar" "COMPILER_FLAGS=  -O2 -c" "EXTRA_COMPILER_FLAGS=-mcpu=cortex-a9 -mfpu=vfpv3 -mfloat-abi=hard -nostartfiles -g -Wall -Wextra"
Compiling scuwdt
Running Make libs in ps7_cortexa9_0/libsrc/shiftregisters_v1_00_a/src
make -C ps7_cortexa9_0/libsrc/shiftregisters_v1_00_a/src -s libs  "SHELL=/bin/sh" "COMPILER=arm-none-eabi-gcc" "ARCHIVER=arm-none-eabi-ar" "COMPILER_FLAGS=  -O2 -c" "EXTRA_COMPILER_FLAGS=-mcpu=cortex-a9 -mfpu=vfpv3 -mfloat-abi=hard -nostartfiles -g -Wall -Wextra"
Compiling ShiftRegisters...
ShiftRegisters_selftest.c: In function 'SHIFTREGISTERS_Reg_SelfTest':
ShiftRegisters_selftest.c:52:63: warning: comparison between signed and unsigned integer expressions [-Wsign-compare]
    if ( SHIFTREGISTERS_mReadReg (baseaddr, read_loop_index*4) != (read_loop_index+1)*READ_WRITE_MUL_FACTOR){
                                                               ^~
ShiftRegisters_selftest.c:36:6: warning: unused variable 'Index' [-Wunused-variable]
  int Index;
      ^~~~~
Running Make libs in ps7_cortexa9_0/libsrc/usbps_v2_4/src
make -C ps7_cortexa9_0/libsrc/usbps_v2_4/src -s libs  "SHELL=/bin/sh" "COMPILER=arm-none-eabi-gcc" "ARCHIVER=arm-none-eabi-ar" "COMPILER_FLAGS=  -O2 -c" "EXTRA_COMPILER_FLAGS=-mcpu=cortex-a9 -mfpu=vfpv3 -mfloat-abi=hard -nostartfiles -g -Wall -Wextra"
Compiling usbps
Running Make libs in ps7_cortexa9_0/libsrc/ellie_control_v1_00_a/src
make -C ps7_cortexa9_0/libsrc/ellie_control_v1_00_a/src -s libs  "SHELL=/bin/sh" "COMPILER=arm-none-eabi-gcc" "ARCHIVER=arm-none-eabi-ar" "COMPILER_FLAGS=  -O2 -c" "EXTRA_COMPILER_FLAGS=-mcpu=cortex-a9 -mfpu=vfpv3 -mfloat-abi=hard -nostartfiles -g -Wall -Wextra"
Compiling ellie_control...
ellie_control_selftest.c: In function 'ELLIE_CONTROL_Reg_SelfTest':
ellie_control_selftest.c:52:62: warning: comparison between signed and unsigned integer expressions [-Wsign-compare]
    if ( ELLIE_CONTROL_mReadReg (baseaddr, read_loop_index*4) != (read_loop_index+1)*READ_WRITE_MUL_FACTOR){
                                                              ^~
ellie_control_selftest.c:36:6: warning: unused variable 'Index' [-Wunused-variable]
  int Index;
      ^~~~~
Running Make libs in ps7_cortexa9_0/libsrc/clocklogic_v1_00_a/src
make -C ps7_cortexa9_0/libsrc/clocklogic_v1_00_a/src -s libs  "SHELL=/bin/sh" "COMPILER=arm-none-eabi-gcc" "ARCHIVER=arm-none-eabi-ar" "COMPILER_FLAGS=  -O2 -c" "EXTRA_COMPILER_FLAGS=-mcpu=cortex-a9 -mfpu=vfpv3 -mfloat-abi=hard -nostartfiles -g -Wall -Wextra"
Compiling clockLogic...
clockLogic_selftest.c: In function 'CLOCKLOGIC_Reg_SelfTest':
clockLogic_selftest.c:52:59: warning: comparison between signed and unsigned integer expressions [-Wsign-compare]
    if ( CLOCKLOGIC_mReadReg (baseaddr, read_loop_index*4) != (read_loop_index+1)*READ_WRITE_MUL_FACTOR){
                                                           ^~
clockLogic_selftest.c:36:6: warning: unused variable 'Index' [-Wunused-variable]
  int Index;
      ^~~~~
Running Make libs in ps7_cortexa9_0/libsrc/sdps_v3_5/src
make -C ps7_cortexa9_0/libsrc/sdps_v3_5/src -s libs  "SHELL=/bin/sh" "COMPILER=arm-none-eabi-gcc" "ARCHIVER=arm-none-eabi-ar" "COMPILER_FLAGS=  -O2 -c" "EXTRA_COMPILER_FLAGS=-mcpu=cortex-a9 -mfpu=vfpv3 -mfloat-abi=hard -nostartfiles -g -Wall -Wextra"
Compiling sdps
Running Make libs in ps7_cortexa9_0/libsrc/cpu_cortexa9_v2_6/src
make -C ps7_cortexa9_0/libsrc/cpu_cortexa9_v2_6/src -s libs  "SHELL=/bin/sh" "COMPILER=arm-none-eabi-gcc" "ARCHIVER=arm-none-eabi-ar" "COMPILER_FLAGS=  -O2 -c" "EXTRA_COMPILER_FLAGS=-mcpu=cortex-a9 -mfpu=vfpv3 -mfloat-abi=hard -nostartfiles -g -Wall -Wextra"
Compiling cpu_cortexa9
Running Make libs in ps7_cortexa9_0/libsrc/coresightps_dcc_v1_4/src
make -C ps7_cortexa9_0/libsrc/coresightps_dcc_v1_4/src -s libs  "SHELL=/bin/sh" "COMPILER=arm-none-eabi-gcc" "ARCHIVER=arm-none-eabi-ar" "COMPILER_FLAGS=  -O2 -c" "EXTRA_COMPILER_FLAGS=-mcpu=cortex-a9 -mfpu=vfpv3 -mfloat-abi=hard -nostartfiles -g -Wall -Wextra"
Compiling coresightps_dcc
Running Make libs in ps7_cortexa9_0/libsrc/scutimer_v2_1/src
make -C ps7_cortexa9_0/libsrc/scutimer_v2_1/src -s libs  "SHELL=/bin/sh" "COMPILER=arm-none-eabi-gcc" "ARCHIVER=arm-none-eabi-ar" "COMPILER_FLAGS=  -O2 -c" "EXTRA_COMPILER_FLAGS=-mcpu=cortex-a9 -mfpu=vfpv3 -mfloat-abi=hard -nostartfiles -g -Wall -Wextra"
Compiling scutimer
Finished building libraries
17:50:27 **** Clean-only build of configuration Debug for project FSBL_tubii ****
make clean 
rm -rf  ./src/fsbl_handoff.o ./src/fsbl_hooks.o ./src/image_mover.o ./src/main.o ./src/md5.o ./src/nand.o ./src/nor.o ./src/pcap.o ./src/ps7_init.o ./src/qspi.o ./src/rsa.o ./src/sd.o  ./src/fsbl_handoff.d  ./src/fsbl_hooks.d ./src/image_mover.d ./src/main.d ./src/md5.d ./src/nand.d ./src/nor.d ./src/pcap.d ./src/ps7_init.d ./src/qspi.d ./src/rsa.d ./src/sd.d  FSBL_tubii.elf.size  FSBL_tubii.elf
 
17:50:27 **** Clean-only build of configuration Debug for project new_tubii_server ****
make clean 
rm -rf  ./src/adlist.o ./src/ae.o ./src/ae_epoll.o ./src/anet.o ./src/async.o ./src/blocked.o ./src/data.o ./src/db.o ./src/dict.o ./src/hiredis.o ./src/logging.o ./src/net.o ./src/networking.o ./src/read.o ./src/sds.o ./src/server.o ./src/sha1.o ./src/sock.o ./src/tubii-server.o ./src/tubii_client.o ./src/util.o  ./src/adlist.d ./src/ae.d ./src/ae_epoll.d ./src/anet.d ./src/async.d ./src/blocked.d ./src/data.d ./src/db.d ./src/dict.d ./src/hiredis.d ./src/logging.d ./src/net.d ./src/networking.d ./src/read.d ./src/sds.d ./src/server.d ./src/sha1.d ./src/sock.d ./src/tubii-server.d ./src/tubii_client.d ./src/util.d  new_tubii_server.elf
 
17:50:28 **** Clean-only build of project standalone_bsp_0 ****
make -k clean 
make -C ps7_cortexa9_0/libsrc/dmaps_v2_3/src -s clean 
make -C ps7_cortexa9_0/libsrc/ddrps_v1_0/src -s clean 
make -C ps7_cortexa9_0/libsrc/testpulser_v1_00_a/src -s clean 
make -C ps7_cortexa9_0/libsrc/qspips_v3_4/src -s clean 
make -C ps7_cortexa9_0/libsrc/standalone_v6_7/src -s clean 
make -C ps7_cortexa9_0/libsrc/prescaletrigger_v1_00_a/src -s clean 
make -C ps7_cortexa9_0/libsrc/gpiops_v3_3/src -s clean 
make -C ps7_cortexa9_0/libsrc/countdisplay_v1_00_a/src -s clean 
make -C ps7_cortexa9_0/libsrc/emacps_v3_7/src -s clean 
make -C ps7_cortexa9_0/libsrc/scugic_v3_9/src -s clean 
make -C ps7_cortexa9_0/libsrc/uartps_v3_6/src -s clean 
make -C ps7_cortexa9_0/libsrc/prescalesignal_v1_00_a/src -s clean 
make -C ps7_cortexa9_0/libsrc/fifo_readout_v1_00_a/src -s clean 
make -C ps7_cortexa9_0/libsrc/common_v1_00_a/src -s clean 
make -C ps7_cortexa9_0/libsrc/xilffs_v3_9/src -s clean 
make -C ps7_cortexa9_0/libsrc/oneshot_pulse_v1_00_a/src -s clean 
make -C ps7_cortexa9_0/libsrc/testdelay_v1_00_a/src -s clean 
make -C ps7_cortexa9_0/libsrc/xadcps_v2_2/src -s clean 
make -C ps7_cortexa9_0/libsrc/implement_gtid_v1_00_a/src -s clean 
make -C ps7_cortexa9_0/libsrc/trigwordfifo_v1_00_a/src -s clean 
make -C ps7_cortexa9_0/libsrc/combotrigger_v1_00_a/src -s clean 
make -C ps7_cortexa9_0/libsrc/triggers_v1_00_a/src -s clean 
make -C ps7_cortexa9_0/libsrc/devcfg_v3_5/src -s clean 
make -C ps7_cortexa9_0/libsrc/bursttrigger_v1_00_a/src -s clean 
make -C ps7_cortexa9_0/libsrc/scuwdt_v2_1/src -s clean 
make -C ps7_cortexa9_0/libsrc/shiftregisters_v1_00_a/src -s clean 
make -C ps7_cortexa9_0/libsrc/usbps_v2_4/src -s clean 
make -C ps7_cortexa9_0/libsrc/ellie_control_v1_00_a/src -s clean 
make -C ps7_cortexa9_0/libsrc/clocklogic_v1_00_a/src -s clean 
make -C ps7_cortexa9_0/libsrc/sdps_v3_5/src -s clean 
make -C ps7_cortexa9_0/libsrc/cpu_cortexa9_v2_6/src -s clean 
make -C ps7_cortexa9_0/libsrc/coresightps_dcc_v1_4/src -s clean 
make -C ps7_cortexa9_0/libsrc/scutimer_v2_1/src -s clean 
rm -f ps7_cortexa9_0/lib/libxil.a
17:50:29 **** Build of configuration Debug for project new_tubii_server ****
make all 
Building file: ../src/adlist.c
Invoking: ARM v7 Linux gcc compiler
arm-linux-gnueabi-gcc -Wall -O0 -g3 -I"/home/zummo/snoplus/TUBii/workspace_tubii/new_tubii_server/src" -c -fmessage-length=0 -MMD -MP -MF"src/adlist.d" -MT"src/adlist.o" -o "src/adlist.o" "../src/adlist.c"
Finished building: ../src/adlist.c
 
Building file: ../src/ae.c
Invoking: ARM v7 Linux gcc compiler
arm-linux-gnueabi-gcc -Wall -O0 -g3 -I"/home/zummo/snoplus/TUBii/workspace_tubii/new_tubii_server/src" -c -fmessage-length=0 -MMD -MP -MF"src/ae.d" -MT"src/ae.o" -o "src/ae.o" "../src/ae.c"
Finished building: ../src/ae.c
 
Building file: ../src/ae_epoll.c
Invoking: ARM v7 Linux gcc compiler
arm-linux-gnueabi-gcc -Wall -O0 -g3 -I"/home/zummo/snoplus/TUBii/workspace_tubii/new_tubii_server/src" -c -fmessage-length=0 -MMD -MP -MF"src/ae_epoll.d" -MT"src/ae_epoll.o" -o "src/ae_epoll.o" "../src/ae_epoll.c"
../src/ae_epoll.c: In function ‘aeApiCreate’:
../src/ae_epoll.c:40:25: warning: implicit declaration of function ‘malloc’ [-Wimplicit-function-declaration]
     aeApiState *state = malloc(sizeof(aeApiState));
                         ^
../src/ae_epoll.c:40:25: warning: incompatible implicit declaration of built-in function ‘malloc’
../src/ae_epoll.c:40:25: note: include ‘<stdlib.h>’ or provide a declaration of ‘malloc’
../src/ae_epoll.c:45:9: warning: implicit declaration of function ‘free’ [-Wimplicit-function-declaration]
         free(state);
         ^
../src/ae_epoll.c:45:9: warning: incompatible implicit declaration of built-in function ‘free’
../src/ae_epoll.c:45:9: note: include ‘<stdlib.h>’ or provide a declaration of ‘free’
../src/ae_epoll.c:50:9: warning: incompatible implicit declaration of built-in function ‘free’
         free(state->events);
         ^
../src/ae_epoll.c:50:9: note: include ‘<stdlib.h>’ or provide a declaration of ‘free’
../src/ae_epoll.c: In function ‘aeApiResize’:
../src/ae_epoll.c:61:21: warning: implicit declaration of function ‘realloc’ [-Wimplicit-function-declaration]
     state->events = realloc(state->events, sizeof(struct epoll_event)*setsize);
                     ^
../src/ae_epoll.c:61:21: warning: incompatible implicit declaration of built-in function ‘realloc’
../src/ae_epoll.c:61:21: note: include ‘<stdlib.h>’ or provide a declaration of ‘realloc’
../src/ae_epoll.c: In function ‘aeApiFree’:
../src/ae_epoll.c:68:5: warning: implicit declaration of function ‘close’ [-Wimplicit-function-declaration]
     close(state->epfd);
     ^
../src/ae_epoll.c:69:5: warning: incompatible implicit declaration of built-in function ‘free’
     free(state->events);
     ^
../src/ae_epoll.c:69:5: note: include ‘<stdlib.h>’ or provide a declaration of ‘free’
../src/ae_epoll.c: At top level:
../src/ae_epoll.c:39:12: warning: ‘aeApiCreate’ defined but not used [-Wunused-function]
 static int aeApiCreate(aeEventLoop *eventLoop) {
            ^
../src/ae_epoll.c:58:12: warning: ‘aeApiResize’ defined but not used [-Wunused-function]
 static int aeApiResize(aeEventLoop *eventLoop, int setsize) {
            ^
../src/ae_epoll.c:65:13: warning: ‘aeApiFree’ defined but not used [-Wunused-function]
 static void aeApiFree(aeEventLoop *eventLoop) {
             ^
../src/ae_epoll.c:73:12: warning: ‘aeApiAddEvent’ defined but not used [-Wunused-function]
 static int aeApiAddEvent(aeEventLoop *eventLoop, int fd, int mask) {
            ^
../src/ae_epoll.c:91:13: warning: ‘aeApiDelEvent’ defined but not used [-Wunused-function]
 static void aeApiDelEvent(aeEventLoop *eventLoop, int fd, int delmask) {
             ^
../src/ae_epoll.c:110:12: warning: ‘aeApiPoll’ defined but not used [-Wunused-function]
 static int aeApiPoll(aeEventLoop *eventLoop, struct timeval *tvp) {
            ^
../src/ae_epoll.c:135:14: warning: ‘aeApiName’ defined but not used [-Wunused-function]
 static char *aeApiName(void) {
              ^
Finished building: ../src/ae_epoll.c
 
Building file: ../src/anet.c
Invoking: ARM v7 Linux gcc compiler
arm-linux-gnueabi-gcc -Wall -O0 -g3 -I"/home/zummo/snoplus/TUBii/workspace_tubii/new_tubii_server/src" -c -fmessage-length=0 -MMD -MP -MF"src/anet.d" -MT"src/anet.o" -o "src/anet.o" "../src/anet.c"
Finished building: ../src/anet.c
 
Building file: ../src/async.c
Invoking: ARM v7 Linux gcc compiler
arm-linux-gnueabi-gcc -Wall -O0 -g3 -I"/home/zummo/snoplus/TUBii/workspace_tubii/new_tubii_server/src" -c -fmessage-length=0 -MMD -MP -MF"src/async.d" -MT"src/async.o" -o "src/async.o" "../src/async.c"
Finished building: ../src/async.c
 
Building file: ../src/blocked.c
Invoking: ARM v7 Linux gcc compiler
arm-linux-gnueabi-gcc -Wall -O0 -g3 -I"/home/zummo/snoplus/TUBii/workspace_tubii/new_tubii_server/src" -c -fmessage-length=0 -MMD -MP -MF"src/blocked.d" -MT"src/blocked.o" -o "src/blocked.o" "../src/blocked.c"
Finished building: ../src/blocked.c
 
Building file: ../src/data.c
Invoking: ARM v7 Linux gcc compiler
arm-linux-gnueabi-gcc -Wall -O0 -g3 -I"/home/zummo/snoplus/TUBii/workspace_tubii/new_tubii_server/src" -c -fmessage-length=0 -MMD -MP -MF"src/data.d" -MT"src/data.o" -o "src/data.o" "../src/data.c"
Finished building: ../src/data.c
 
Building file: ../src/db.c
Invoking: ARM v7 Linux gcc compiler
arm-linux-gnueabi-gcc -Wall -O0 -g3 -I"/home/zummo/snoplus/TUBii/workspace_tubii/new_tubii_server/src" -c -fmessage-length=0 -MMD -MP -MF"src/db.d" -MT"src/db.o" -o "src/db.o" "../src/db.c"
Finished building: ../src/db.c
 
Building file: ../src/dict.c
Invoking: ARM v7 Linux gcc compiler
arm-linux-gnueabi-gcc -Wall -O0 -g3 -I"/home/zummo/snoplus/TUBii/workspace_tubii/new_tubii_server/src" -c -fmessage-length=0 -MMD -MP -MF"src/dict.d" -MT"src/dict.o" -o "src/dict.o" "../src/dict.c"
Finished building: ../src/dict.c
 
Building file: ../src/hiredis.c
Invoking: ARM v7 Linux gcc compiler
arm-linux-gnueabi-gcc -Wall -O0 -g3 -I"/home/zummo/snoplus/TUBii/workspace_tubii/new_tubii_server/src" -c -fmessage-length=0 -MMD -MP -MF"src/hiredis.d" -MT"src/hiredis.o" -o "src/hiredis.o" "../src/hiredis.c"
Finished building: ../src/hiredis.c
 
Building file: ../src/logging.c
Invoking: ARM v7 Linux gcc compiler
arm-linux-gnueabi-gcc -Wall -O0 -g3 -I"/home/zummo/snoplus/TUBii/workspace_tubii/new_tubii_server/src" -c -fmessage-length=0 -MMD -MP -MF"src/logging.d" -MT"src/logging.o" -o "src/logging.o" "../src/logging.c"
Finished building: ../src/logging.c
 
Building file: ../src/net.c
Invoking: ARM v7 Linux gcc compiler
arm-linux-gnueabi-gcc -Wall -O0 -g3 -I"/home/zummo/snoplus/TUBii/workspace_tubii/new_tubii_server/src" -c -fmessage-length=0 -MMD -MP -MF"src/net.d" -MT"src/net.o" -o "src/net.o" "../src/net.c"
Finished building: ../src/net.c
 
Building file: ../src/networking.c
Invoking: ARM v7 Linux gcc compiler
arm-linux-gnueabi-gcc -Wall -O0 -g3 -I"/home/zummo/snoplus/TUBii/workspace_tubii/new_tubii_server/src" -c -fmessage-length=0 -MMD -MP -MF"src/networking.d" -MT"src/networking.o" -o "src/networking.o" "../src/networking.c"
Finished building: ../src/networking.c
 
Building file: ../src/read.c
Invoking: ARM v7 Linux gcc compiler
arm-linux-gnueabi-gcc -Wall -O0 -g3 -I"/home/zummo/snoplus/TUBii/workspace_tubii/new_tubii_server/src" -c -fmessage-length=0 -MMD -MP -MF"src/read.d" -MT"src/read.o" -o "src/read.o" "../src/read.c"
Finished building: ../src/read.c
 
Building file: ../src/sds.c
Invoking: ARM v7 Linux gcc compiler
arm-linux-gnueabi-gcc -Wall -O0 -g3 -I"/home/zummo/snoplus/TUBii/workspace_tubii/new_tubii_server/src" -c -fmessage-length=0 -MMD -MP -MF"src/sds.d" -MT"src/sds.o" -o "src/sds.o" "../src/sds.c"
Finished building: ../src/sds.c
 
Building file: ../src/server.c
Invoking: ARM v7 Linux gcc compiler
arm-linux-gnueabi-gcc -Wall -O0 -g3 -I"/home/zummo/snoplus/TUBii/workspace_tubii/new_tubii_server/src" -c -fmessage-length=0 -MMD -MP -MF"src/server.d" -MT"src/server.o" -o "src/server.o" "../src/server.c"
Finished building: ../src/server.c
 
Building file: ../src/sha1.c
Invoking: ARM v7 Linux gcc compiler
arm-linux-gnueabi-gcc -Wall -O0 -g3 -I"/home/zummo/snoplus/TUBii/workspace_tubii/new_tubii_server/src" -c -fmessage-length=0 -MMD -MP -MF"src/sha1.d" -MT"src/sha1.o" -o "src/sha1.o" "../src/sha1.c"
Finished building: ../src/sha1.c
 
Building file: ../src/sock.c
Invoking: ARM v7 Linux gcc compiler
arm-linux-gnueabi-gcc -Wall -O0 -g3 -I"/home/zummo/snoplus/TUBii/workspace_tubii/new_tubii_server/src" -c -fmessage-length=0 -MMD -MP -MF"src/sock.d" -MT"src/sock.o" -o "src/sock.o" "../src/sock.c"
Finished building: ../src/sock.c
 
Building file: ../src/tubii-server.c
Invoking: ARM v7 Linux gcc compiler
arm-linux-gnueabi-gcc -Wall -O0 -g3 -I"/home/zummo/snoplus/TUBii/workspace_tubii/new_tubii_server/src" -c -fmessage-length=0 -MMD -MP -MF"src/tubii-server.d" -MT"src/tubii-server.o" -o "src/tubii-server.o" "../src/tubii-server.c"
Finished building: ../src/tubii-server.c
 
Building file: ../src/tubii_client.c
Invoking: ARM v7 Linux gcc compiler
arm-linux-gnueabi-gcc -Wall -O0 -g3 -I"/home/zummo/snoplus/TUBii/workspace_tubii/new_tubii_server/src" -c -fmessage-length=0 -MMD -MP -MF"src/tubii_client.d" -MT"src/tubii_client.o" -o "src/tubii_client.o" "../src/tubii_client.c"
In file included from ../src/tubii_client.c:15:0:
../src/tubiiELLIE.h: In function ‘Lengthen’:
../src/tubiiELLIE.h:101:21: warning: passing argument 2 of ‘safe_strtoul’ from incompatible pointer type [-Wincompatible-pointer-types]
   safe_strtoul(dArg,&length);
                     ^
In file included from ../src/tubii_client.c:1:0:
../src/tubii_client.h:7:5: note: expected ‘uint32_t * {aka unsigned int *}’ but argument is of type ‘u32 * {aka long unsigned int *}’
 int safe_strtoul(char *s, uint32_t *si);
     ^
In file included from ../src/tubii_client.c:17:0:
../src/tubiiTriggers.h: In function ‘individualTriggerMask’:
../src/tubiiTriggers.h:164:10: warning: comparison with string literal results in unspecified behavior [-Waddress]
   if(type=="sync"){
          ^
../src/tubiiTriggers.h:170:15: warning: comparison with string literal results in unspecified behavior [-Waddress]
   else if(type=="async"){
               ^
../src/tubii_client.c: In function ‘tubii_status’:
../src/tubii_client.c:888:8: warning: implicit declaration of function ‘getStatusReadout’ [-Wimplicit-function-declaration]
     if(getStatusReadout() == 0) return 1000;
        ^
../src/tubii_client.c: In function ‘auto_load_config’:
../src/tubii_client.c:1029:10: warning: implicit declaration of function ‘strcmp’ [-Wimplicit-function-declaration]
       if(strcmp(call,"user")==0) fscanf(fp,"%s",dbconfig.user);
          ^
../src/tubii_client.c: In function ‘save_TUBii_command’:
../src/tubii_client.c:1063:22: warning: format ‘%u’ expects argument of type ‘unsigned int’, but argument 3 has type ‘u32 {aka long unsigned int}’ [-Wformat=]
     sprintf(command, "SELECT save_tubii ("
                      ^
../src/tubii_client.c:1063:22: warning: format ‘%u’ expects argument of type ‘unsigned int’, but argument 8 has type ‘u32 {aka long unsigned int}’ [-Wformat=]
../src/tubii_client.c:1063:22: warning: format ‘%u’ expects argument of type ‘unsigned int’, but argument 9 has type ‘u32 {aka long unsigned int}’ [-Wformat=]
../src/tubii_client.c:1063:22: warning: format ‘%u’ expects argument of type ‘unsigned int’, but argument 10 has type ‘u32 {aka long unsigned int}’ [-Wformat=]
../src/tubii_client.c:1063:22: warning: format ‘%u’ expects argument of type ‘unsigned int’, but argument 11 has type ‘u32 {aka long unsigned int}’ [-Wformat=]
../src/tubii_client.c:1063:22: warning: format ‘%u’ expects argument of type ‘unsigned int’, but argument 12 has type ‘u32 {aka long unsigned int}’ [-Wformat=]
../src/tubii_client.c:1063:22: warning: format ‘%u’ expects argument of type ‘unsigned int’, but argument 13 has type ‘u32 {aka long unsigned int}’ [-Wformat=]
../src/tubii_client.c:1063:22: warning: format ‘%u’ expects argument of type ‘unsigned int’, but argument 14 has type ‘u32 {aka long unsigned int}’ [-Wformat=]
../src/tubii_client.c:1063:22: warning: format ‘%u’ expects argument of type ‘unsigned int’, but argument 17 has type ‘u32 {aka long unsigned int}’ [-Wformat=]
../src/tubii_client.c:1063:22: warning: format ‘%u’ expects argument of type ‘unsigned int’, but argument 18 has type ‘u32 {aka long unsigned int}’ [-Wformat=]
../src/tubii_client.c:1063:22: warning: format ‘%u’ expects argument of type ‘unsigned int’, but argument 19 has type ‘u32 {aka long unsigned int}’ [-Wformat=]
../src/tubii_client.c:1063:22: warning: format ‘%u’ expects argument of type ‘unsigned int’, but argument 20 has type ‘u32 {aka long unsigned int}’ [-Wformat=]
../src/tubii_client.c:1063:22: warning: format ‘%u’ expects argument of type ‘unsigned int’, but argument 21 has type ‘u32 {aka long unsigned int}’ [-Wformat=]
../src/tubii_client.c: In function ‘save_tubii’:
../src/tubii_client.c:1310:22: warning: format ‘%u’ expects argument of type ‘unsigned int’, but argument 3 has type ‘u32 {aka long unsigned int}’ [-Wformat=]
     sprintf(command, "INSERT INTO TUBii ("
                      ^
../src/tubii_client.c:1310:22: warning: format ‘%u’ expects argument of type ‘unsigned int’, but argument 8 has type ‘u32 {aka long unsigned int}’ [-Wformat=]
../src/tubii_client.c:1310:22: warning: format ‘%u’ expects argument of type ‘unsigned int’, but argument 9 has type ‘u32 {aka long unsigned int}’ [-Wformat=]
../src/tubii_client.c:1310:22: warning: format ‘%u’ expects argument of type ‘unsigned int’, but argument 10 has type ‘u32 {aka long unsigned int}’ [-Wformat=]
../src/tubii_client.c:1310:22: warning: format ‘%u’ expects argument of type ‘unsigned int’, but argument 11 has type ‘u32 {aka long unsigned int}’ [-Wformat=]
../src/tubii_client.c:1310:22: warning: format ‘%u’ expects argument of type ‘unsigned int’, but argument 12 has type ‘u32 {aka long unsigned int}’ [-Wformat=]
../src/tubii_client.c:1310:22: warning: format ‘%u’ expects argument of type ‘unsigned int’, but argument 13 has type ‘u32 {aka long unsigned int}’ [-Wformat=]
../src/tubii_client.c:1310:22: warning: format ‘%u’ expects argument of type ‘unsigned int’, but argument 14 has type ‘u32 {aka long unsigned int}’ [-Wformat=]
../src/tubii_client.c:1310:22: warning: format ‘%u’ expects argument of type ‘unsigned int’, but argument 17 has type ‘u32 {aka long unsigned int}’ [-Wformat=]
../src/tubii_client.c:1310:22: warning: format ‘%u’ expects argument of type ‘unsigned int’, but argument 18 has type ‘u32 {aka long unsigned int}’ [-Wformat=]
../src/tubii_client.c:1310:22: warning: format ‘%u’ expects argument of type ‘unsigned int’, but argument 19 has type ‘u32 {aka long unsigned int}’ [-Wformat=]
../src/tubii_client.c:1310:22: warning: format ‘%u’ expects argument of type ‘unsigned int’, but argument 20 has type ‘u32 {aka long unsigned int}’ [-Wformat=]
../src/tubii_client.c:1310:22: warning: format ‘%u’ expects argument of type ‘unsigned int’, but argument 21 has type ‘u32 {aka long unsigned int}’ [-Wformat=]
../src/tubii_client.c: At top level:
../src/tubii_client.c:1304:12: warning: ‘save_tubii’ defined but not used [-Wunused-function]
 static int save_tubii(aeEventLoop *el, long long id, void *data)
            ^
Finished building: ../src/tubii_client.c
 
Building file: ../src/util.c
Invoking: ARM v7 Linux gcc compiler
arm-linux-gnueabi-gcc -Wall -O0 -g3 -I"/home/zummo/snoplus/TUBii/workspace_tubii/new_tubii_server/src" -c -fmessage-length=0 -MMD -MP -MF"src/util.d" -MT"src/util.o" -o "src/util.o" "../src/util.c"
Finished building: ../src/util.c
 
Building target: new_tubii_server.elf
Invoking: ARM v7 Linux gcc linker
arm-linux-gnueabi-gcc -L"/home/zummo/snoplus/TUBii/workspace_tubii/new_tubii_server/src" -o "new_tubii_server.elf"  ./src/adlist.o ./src/ae.o ./src/ae_epoll.o ./src/anet.o ./src/async.o ./src/blocked.o ./src/data.o ./src/db.o ./src/dict.o ./src/hiredis.o ./src/logging.o ./src/net.o ./src/networking.o ./src/read.o ./src/sds.o ./src/server.o ./src/sha1.o ./src/sock.o ./src/tubii-server.o ./src/tubii_client.o ./src/util.o   -lm -lpthread -lpq
Finished building target: new_tubii_server.elf
 
17:50:32 **** Build of project standalone_bsp_0 ****
make -k all 
Running Make include in ps7_cortexa9_0/libsrc/dmaps_v2_3/src
make -C ps7_cortexa9_0/libsrc/dmaps_v2_3/src -s include  "SHELL=/bin/sh" "COMPILER=arm-none-eabi-gcc" "ARCHIVER=arm-none-eabi-ar" "COMPILER_FLAGS=  -O2 -c" "EXTRA_COMPILER_FLAGS=-mcpu=cortex-a9 -mfpu=vfpv3 -mfloat-abi=hard -nostartfiles -g -Wall -Wextra"
Running Make include in ps7_cortexa9_0/libsrc/ddrps_v1_0/src
make -C ps7_cortexa9_0/libsrc/ddrps_v1_0/src -s include  "SHELL=/bin/sh" "COMPILER=arm-none-eabi-gcc" "ARCHIVER=arm-none-eabi-ar" "COMPILER_FLAGS=  -O2 -c" "EXTRA_COMPILER_FLAGS=-mcpu=cortex-a9 -mfpu=vfpv3 -mfloat-abi=hard -nostartfiles -g -Wall -Wextra"
Running Make include in ps7_cortexa9_0/libsrc/testpulser_v1_00_a/src
make -C ps7_cortexa9_0/libsrc/testpulser_v1_00_a/src -s include  "SHELL=/bin/sh" "COMPILER=arm-none-eabi-gcc" "ARCHIVER=arm-none-eabi-ar" "COMPILER_FLAGS=  -O2 -c" "EXTRA_COMPILER_FLAGS=-mcpu=cortex-a9 -mfpu=vfpv3 -mfloat-abi=hard -nostartfiles -g -Wall -Wextra"
Running Make include in ps7_cortexa9_0/libsrc/qspips_v3_4/src
make -C ps7_cortexa9_0/libsrc/qspips_v3_4/src -s include  "SHELL=/bin/sh" "COMPILER=arm-none-eabi-gcc" "ARCHIVER=arm-none-eabi-ar" "COMPILER_FLAGS=  -O2 -c" "EXTRA_COMPILER_FLAGS=-mcpu=cortex-a9 -mfpu=vfpv3 -mfloat-abi=hard -nostartfiles -g -Wall -Wextra"
Running Make include in ps7_cortexa9_0/libsrc/standalone_v6_7/src
make -C ps7_cortexa9_0/libsrc/standalone_v6_7/src -s include  "SHELL=/bin/sh" "COMPILER=arm-none-eabi-gcc" "ARCHIVER=arm-none-eabi-ar" "COMPILER_FLAGS=  -O2 -c" "EXTRA_COMPILER_FLAGS=-mcpu=cortex-a9 -mfpu=vfpv3 -mfloat-abi=hard -nostartfiles -g -Wall -Wextra"
Running Make include in ps7_cortexa9_0/libsrc/prescaletrigger_v1_00_a/src
make -C ps7_cortexa9_0/libsrc/prescaletrigger_v1_00_a/src -s include  "SHELL=/bin/sh" "COMPILER=arm-none-eabi-gcc" "ARCHIVER=arm-none-eabi-ar" "COMPILER_FLAGS=  -O2 -c" "EXTRA_COMPILER_FLAGS=-mcpu=cortex-a9 -mfpu=vfpv3 -mfloat-abi=hard -nostartfiles -g -Wall -Wextra"
Running Make include in ps7_cortexa9_0/libsrc/gpiops_v3_3/src
make -C ps7_cortexa9_0/libsrc/gpiops_v3_3/src -s include  "SHELL=/bin/sh" "COMPILER=arm-none-eabi-gcc" "ARCHIVER=arm-none-eabi-ar" "COMPILER_FLAGS=  -O2 -c" "EXTRA_COMPILER_FLAGS=-mcpu=cortex-a9 -mfpu=vfpv3 -mfloat-abi=hard -nostartfiles -g -Wall -Wextra"
Running Make include in ps7_cortexa9_0/libsrc/countdisplay_v1_00_a/src
make -C ps7_cortexa9_0/libsrc/countdisplay_v1_00_a/src -s include  "SHELL=/bin/sh" "COMPILER=arm-none-eabi-gcc" "ARCHIVER=arm-none-eabi-ar" "COMPILER_FLAGS=  -O2 -c" "EXTRA_COMPILER_FLAGS=-mcpu=cortex-a9 -mfpu=vfpv3 -mfloat-abi=hard -nostartfiles -g -Wall -Wextra"
Running Make include in ps7_cortexa9_0/libsrc/emacps_v3_7/src
make -C ps7_cortexa9_0/libsrc/emacps_v3_7/src -s include  "SHELL=/bin/sh" "COMPILER=arm-none-eabi-gcc" "ARCHIVER=arm-none-eabi-ar" "COMPILER_FLAGS=  -O2 -c" "EXTRA_COMPILER_FLAGS=-mcpu=cortex-a9 -mfpu=vfpv3 -mfloat-abi=hard -nostartfiles -g -Wall -Wextra"
Running Make include in ps7_cortexa9_0/libsrc/scugic_v3_9/src
make -C ps7_cortexa9_0/libsrc/scugic_v3_9/src -s include  "SHELL=/bin/sh" "COMPILER=arm-none-eabi-gcc" "ARCHIVER=arm-none-eabi-ar" "COMPILER_FLAGS=  -O2 -c" "EXTRA_COMPILER_FLAGS=-mcpu=cortex-a9 -mfpu=vfpv3 -mfloat-abi=hard -nostartfiles -g -Wall -Wextra"
Running Make include in ps7_cortexa9_0/libsrc/uartps_v3_6/src
make -C ps7_cortexa9_0/libsrc/uartps_v3_6/src -s include  "SHELL=/bin/sh" "COMPILER=arm-none-eabi-gcc" "ARCHIVER=arm-none-eabi-ar" "COMPILER_FLAGS=  -O2 -c" "EXTRA_COMPILER_FLAGS=-mcpu=cortex-a9 -mfpu=vfpv3 -mfloat-abi=hard -nostartfiles -g -Wall -Wextra"
Running Make include in ps7_cortexa9_0/libsrc/prescalesignal_v1_00_a/src
make -C ps7_cortexa9_0/libsrc/prescalesignal_v1_00_a/src -s include  "SHELL=/bin/sh" "COMPILER=arm-none-eabi-gcc" "ARCHIVER=arm-none-eabi-ar" "COMPILER_FLAGS=  -O2 -c" "EXTRA_COMPILER_FLAGS=-mcpu=cortex-a9 -mfpu=vfpv3 -mfloat-abi=hard -nostartfiles -g -Wall -Wextra"
Running Make include in ps7_cortexa9_0/libsrc/fifo_readout_v1_00_a/src
make -C ps7_cortexa9_0/libsrc/fifo_readout_v1_00_a/src -s include  "SHELL=/bin/sh" "COMPILER=arm-none-eabi-gcc" "ARCHIVER=arm-none-eabi-ar" "COMPILER_FLAGS=  -O2 -c" "EXTRA_COMPILER_FLAGS=-mcpu=cortex-a9 -mfpu=vfpv3 -mfloat-abi=hard -nostartfiles -g -Wall -Wextra"
Running Make include in ps7_cortexa9_0/libsrc/common_v1_00_a/src
make -C ps7_cortexa9_0/libsrc/common_v1_00_a/src -s include  "SHELL=/bin/sh" "COMPILER=arm-none-eabi-gcc" "ARCHIVER=arm-none-eabi-ar" "COMPILER_FLAGS=  -O2 -c" "EXTRA_COMPILER_FLAGS=-mcpu=cortex-a9 -mfpu=vfpv3 -mfloat-abi=hard -nostartfiles -g -Wall -Wextra"
Running Make include in ps7_cortexa9_0/libsrc/xilffs_v3_9/src
make -C ps7_cortexa9_0/libsrc/xilffs_v3_9/src -s include  "SHELL=/bin/sh" "COMPILER=arm-none-eabi-gcc" "ARCHIVER=arm-none-eabi-ar" "COMPILER_FLAGS=  -O2 -c" "EXTRA_COMPILER_FLAGS=-mcpu=cortex-a9 -mfpu=vfpv3 -mfloat-abi=hard -nostartfiles -g -Wall -Wextra"
Running Make include in ps7_cortexa9_0/libsrc/oneshot_pulse_v1_00_a/src
make -C ps7_cortexa9_0/libsrc/oneshot_pulse_v1_00_a/src -s include  "SHELL=/bin/sh" "COMPILER=arm-none-eabi-gcc" "ARCHIVER=arm-none-eabi-ar" "COMPILER_FLAGS=  -O2 -c" "EXTRA_COMPILER_FLAGS=-mcpu=cortex-a9 -mfpu=vfpv3 -mfloat-abi=hard -nostartfiles -g -Wall -Wextra"
Running Make include in ps7_cortexa9_0/libsrc/testdelay_v1_00_a/src
make -C ps7_cortexa9_0/libsrc/testdelay_v1_00_a/src -s include  "SHELL=/bin/sh" "COMPILER=arm-none-eabi-gcc" "ARCHIVER=arm-none-eabi-ar" "COMPILER_FLAGS=  -O2 -c" "EXTRA_COMPILER_FLAGS=-mcpu=cortex-a9 -mfpu=vfpv3 -mfloat-abi=hard -nostartfiles -g -Wall -Wextra"
Running Make include in ps7_cortexa9_0/libsrc/xadcps_v2_2/src
make -C ps7_cortexa9_0/libsrc/xadcps_v2_2/src -s include  "SHELL=/bin/sh" "COMPILER=arm-none-eabi-gcc" "ARCHIVER=arm-none-eabi-ar" "COMPILER_FLAGS=  -O2 -c" "EXTRA_COMPILER_FLAGS=-mcpu=cortex-a9 -mfpu=vfpv3 -mfloat-abi=hard -nostartfiles -g -Wall -Wextra"
Running Make include in ps7_cortexa9_0/libsrc/implement_gtid_v1_00_a/src
make -C ps7_cortexa9_0/libsrc/implement_gtid_v1_00_a/src -s include  "SHELL=/bin/sh" "COMPILER=arm-none-eabi-gcc" "ARCHIVER=arm-none-eabi-ar" "COMPILER_FLAGS=  -O2 -c" "EXTRA_COMPILER_FLAGS=-mcpu=cortex-a9 -mfpu=vfpv3 -mfloat-abi=hard -nostartfiles -g -Wall -Wextra"
Running Make include in ps7_cortexa9_0/libsrc/trigwordfifo_v1_00_a/src
make -C ps7_cortexa9_0/libsrc/trigwordfifo_v1_00_a/src -s include  "SHELL=/bin/sh" "COMPILER=arm-none-eabi-gcc" "ARCHIVER=arm-none-eabi-ar" "COMPILER_FLAGS=  -O2 -c" "EXTRA_COMPILER_FLAGS=-mcpu=cortex-a9 -mfpu=vfpv3 -mfloat-abi=hard -nostartfiles -g -Wall -Wextra"
Running Make include in ps7_cortexa9_0/libsrc/combotrigger_v1_00_a/src
make -C ps7_cortexa9_0/libsrc/combotrigger_v1_00_a/src -s include  "SHELL=/bin/sh" "COMPILER=arm-none-eabi-gcc" "ARCHIVER=arm-none-eabi-ar" "COMPILER_FLAGS=  -O2 -c" "EXTRA_COMPILER_FLAGS=-mcpu=cortex-a9 -mfpu=vfpv3 -mfloat-abi=hard -nostartfiles -g -Wall -Wextra"
Running Make include in ps7_cortexa9_0/libsrc/triggers_v1_00_a/src
make -C ps7_cortexa9_0/libsrc/triggers_v1_00_a/src -s include  "SHELL=/bin/sh" "COMPILER=arm-none-eabi-gcc" "ARCHIVER=arm-none-eabi-ar" "COMPILER_FLAGS=  -O2 -c" "EXTRA_COMPILER_FLAGS=-mcpu=cortex-a9 -mfpu=vfpv3 -mfloat-abi=hard -nostartfiles -g -Wall -Wextra"
Running Make include in ps7_cortexa9_0/libsrc/devcfg_v3_5/src
make -C ps7_cortexa9_0/libsrc/devcfg_v3_5/src -s include  "SHELL=/bin/sh" "COMPILER=arm-none-eabi-gcc" "ARCHIVER=arm-none-eabi-ar" "COMPILER_FLAGS=  -O2 -c" "EXTRA_COMPILER_FLAGS=-mcpu=cortex-a9 -mfpu=vfpv3 -mfloat-abi=hard -nostartfiles -g -Wall -Wextra"
Running Make include in ps7_cortexa9_0/libsrc/bursttrigger_v1_00_a/src
make -C ps7_cortexa9_0/libsrc/bursttrigger_v1_00_a/src -s include  "SHELL=/bin/sh" "COMPILER=arm-none-eabi-gcc" "ARCHIVER=arm-none-eabi-ar" "COMPILER_FLAGS=  -O2 -c" "EXTRA_COMPILER_FLAGS=-mcpu=cortex-a9 -mfpu=vfpv3 -mfloat-abi=hard -nostartfiles -g -Wall -Wextra"
Running Make include in ps7_cortexa9_0/libsrc/scuwdt_v2_1/src
make -C ps7_cortexa9_0/libsrc/scuwdt_v2_1/src -s include  "SHELL=/bin/sh" "COMPILER=arm-none-eabi-gcc" "ARCHIVER=arm-none-eabi-ar" "COMPILER_FLAGS=  -O2 -c" "EXTRA_COMPILER_FLAGS=-mcpu=cortex-a9 -mfpu=vfpv3 -mfloat-abi=hard -nostartfiles -g -Wall -Wextra"
Running Make include in ps7_cortexa9_0/libsrc/shiftregisters_v1_00_a/src
make -C ps7_cortexa9_0/libsrc/shiftregisters_v1_00_a/src -s include  "SHELL=/bin/sh" "COMPILER=arm-none-eabi-gcc" "ARCHIVER=arm-none-eabi-ar" "COMPILER_FLAGS=  -O2 -c" "EXTRA_COMPILER_FLAGS=-mcpu=cortex-a9 -mfpu=vfpv3 -mfloat-abi=hard -nostartfiles -g -Wall -Wextra"
Running Make include in ps7_cortexa9_0/libsrc/usbps_v2_4/src
make -C ps7_cortexa9_0/libsrc/usbps_v2_4/src -s include  "SHELL=/bin/sh" "COMPILER=arm-none-eabi-gcc" "ARCHIVER=arm-none-eabi-ar" "COMPILER_FLAGS=  -O2 -c" "EXTRA_COMPILER_FLAGS=-mcpu=cortex-a9 -mfpu=vfpv3 -mfloat-abi=hard -nostartfiles -g -Wall -Wextra"
Running Make include in ps7_cortexa9_0/libsrc/ellie_control_v1_00_a/src
make -C ps7_cortexa9_0/libsrc/ellie_control_v1_00_a/src -s include  "SHELL=/bin/sh" "COMPILER=arm-none-eabi-gcc" "ARCHIVER=arm-none-eabi-ar" "COMPILER_FLAGS=  -O2 -c" "EXTRA_COMPILER_FLAGS=-mcpu=cortex-a9 -mfpu=vfpv3 -mfloat-abi=hard -nostartfiles -g -Wall -Wextra"
Running Make include in ps7_cortexa9_0/libsrc/clocklogic_v1_00_a/src
make -C ps7_cortexa9_0/libsrc/clocklogic_v1_00_a/src -s include  "SHELL=/bin/sh" "COMPILER=arm-none-eabi-gcc" "ARCHIVER=arm-none-eabi-ar" "COMPILER_FLAGS=  -O2 -c" "EXTRA_COMPILER_FLAGS=-mcpu=cortex-a9 -mfpu=vfpv3 -mfloat-abi=hard -nostartfiles -g -Wall -Wextra"
Running Make include in ps7_cortexa9_0/libsrc/sdps_v3_5/src
make -C ps7_cortexa9_0/libsrc/sdps_v3_5/src -s include  "SHELL=/bin/sh" "COMPILER=arm-none-eabi-gcc" "ARCHIVER=arm-none-eabi-ar" "COMPILER_FLAGS=  -O2 -c" "EXTRA_COMPILER_FLAGS=-mcpu=cortex-a9 -mfpu=vfpv3 -mfloat-abi=hard -nostartfiles -g -Wall -Wextra"
Running Make include in ps7_cortexa9_0/libsrc/cpu_cortexa9_v2_6/src
make -C ps7_cortexa9_0/libsrc/cpu_cortexa9_v2_6/src -s include  "SHELL=/bin/sh" "COMPILER=arm-none-eabi-gcc" "ARCHIVER=arm-none-eabi-ar" "COMPILER_FLAGS=  -O2 -c" "EXTRA_COMPILER_FLAGS=-mcpu=cortex-a9 -mfpu=vfpv3 -mfloat-abi=hard -nostartfiles -g -Wall -Wextra"
Running Make include in ps7_cortexa9_0/libsrc/coresightps_dcc_v1_4/src
make -C ps7_cortexa9_0/libsrc/coresightps_dcc_v1_4/src -s include  "SHELL=/bin/sh" "COMPILER=arm-none-eabi-gcc" "ARCHIVER=arm-none-eabi-ar" "COMPILER_FLAGS=  -O2 -c" "EXTRA_COMPILER_FLAGS=-mcpu=cortex-a9 -mfpu=vfpv3 -mfloat-abi=hard -nostartfiles -g -Wall -Wextra"
Running Make include in ps7_cortexa9_0/libsrc/scutimer_v2_1/src
make -C ps7_cortexa9_0/libsrc/scutimer_v2_1/src -s include  "SHELL=/bin/sh" "COMPILER=arm-none-eabi-gcc" "ARCHIVER=arm-none-eabi-ar" "COMPILER_FLAGS=  -O2 -c" "EXTRA_COMPILER_FLAGS=-mcpu=cortex-a9 -mfpu=vfpv3 -mfloat-abi=hard -nostartfiles -g -Wall -Wextra"
Running Make libs in ps7_cortexa9_0/libsrc/dmaps_v2_3/src
make -C ps7_cortexa9_0/libsrc/dmaps_v2_3/src -s libs  "SHELL=/bin/sh" "COMPILER=arm-none-eabi-gcc" "ARCHIVER=arm-none-eabi-ar" "COMPILER_FLAGS=  -O2 -c" "EXTRA_COMPILER_FLAGS=-mcpu=cortex-a9 -mfpu=vfpv3 -mfloat-abi=hard -nostartfiles -g -Wall -Wextra"
Compiling dmaps
arm-none-eabi-ar: creating ../../../lib/libxil.a
Running Make libs in ps7_cortexa9_0/libsrc/ddrps_v1_0/src
make -C ps7_cortexa9_0/libsrc/ddrps_v1_0/src -s libs  "SHELL=/bin/sh" "COMPILER=arm-none-eabi-gcc" "ARCHIVER=arm-none-eabi-ar" "COMPILER_FLAGS=  -O2 -c" "EXTRA_COMPILER_FLAGS=-mcpu=cortex-a9 -mfpu=vfpv3 -mfloat-abi=hard -nostartfiles -g -Wall -Wextra"
Compiling ddrps
Running Make libs in ps7_cortexa9_0/libsrc/testpulser_v1_00_a/src
make -C ps7_cortexa9_0/libsrc/testpulser_v1_00_a/src -s libs  "SHELL=/bin/sh" "COMPILER=arm-none-eabi-gcc" "ARCHIVER=arm-none-eabi-ar" "COMPILER_FLAGS=  -O2 -c" "EXTRA_COMPILER_FLAGS=-mcpu=cortex-a9 -mfpu=vfpv3 -mfloat-abi=hard -nostartfiles -g -Wall -Wextra"
Compiling testPulser...
testPulser_selftest.c: In function 'TESTPULSER_Reg_SelfTest':
testPulser_selftest.c:52:59: warning: comparison between signed and unsigned integer expressions [-Wsign-compare]
    if ( TESTPULSER_mReadReg (baseaddr, read_loop_index*4) != (read_loop_index+1)*READ_WRITE_MUL_FACTOR){
                                                           ^~
testPulser_selftest.c:36:6: warning: unused variable 'Index' [-Wunused-variable]
  int Index;
      ^~~~~
Running Make libs in ps7_cortexa9_0/libsrc/qspips_v3_4/src
make -C ps7_cortexa9_0/libsrc/qspips_v3_4/src -s libs  "SHELL=/bin/sh" "COMPILER=arm-none-eabi-gcc" "ARCHIVER=arm-none-eabi-ar" "COMPILER_FLAGS=  -O2 -c" "EXTRA_COMPILER_FLAGS=-mcpu=cortex-a9 -mfpu=vfpv3 -mfloat-abi=hard -nostartfiles -g -Wall -Wextra"
Compiling qspips
Running Make libs in ps7_cortexa9_0/libsrc/standalone_v6_7/src
make -C ps7_cortexa9_0/libsrc/standalone_v6_7/src -s libs  "SHELL=/bin/sh" "COMPILER=arm-none-eabi-gcc" "ARCHIVER=arm-none-eabi-ar" "COMPILER_FLAGS=  -O2 -c" "EXTRA_COMPILER_FLAGS=-mcpu=cortex-a9 -mfpu=vfpv3 -mfloat-abi=hard -nostartfiles -g -Wall -Wextra"
Compiling standalone
Running Make libs in ps7_cortexa9_0/libsrc/prescaletrigger_v1_00_a/src
make -C ps7_cortexa9_0/libsrc/prescaletrigger_v1_00_a/src -s libs  "SHELL=/bin/sh" "COMPILER=arm-none-eabi-gcc" "ARCHIVER=arm-none-eabi-ar" "COMPILER_FLAGS=  -O2 -c" "EXTRA_COMPILER_FLAGS=-mcpu=cortex-a9 -mfpu=vfpv3 -mfloat-abi=hard -nostartfiles -g -Wall -Wextra"
Compiling prescaleTrigger...
prescaleTrigger_selftest.c: In function 'PRESCALETRIGGER_Reg_SelfTest':
prescaleTrigger_selftest.c:52:64: warning: comparison between signed and unsigned integer expressions [-Wsign-compare]
    if ( PRESCALETRIGGER_mReadReg (baseaddr, read_loop_index*4) != (read_loop_index+1)*READ_WRITE_MUL_FACTOR){
                                                                ^~
prescaleTrigger_selftest.c:36:6: warning: unused variable 'Index' [-Wunused-variable]
  int Index;
      ^~~~~
Running Make libs in ps7_cortexa9_0/libsrc/gpiops_v3_3/src
make -C ps7_cortexa9_0/libsrc/gpiops_v3_3/src -s libs  "SHELL=/bin/sh" "COMPILER=arm-none-eabi-gcc" "ARCHIVER=arm-none-eabi-ar" "COMPILER_FLAGS=  -O2 -c" "EXTRA_COMPILER_FLAGS=-mcpu=cortex-a9 -mfpu=vfpv3 -mfloat-abi=hard -nostartfiles -g -Wall -Wextra"
Compiling gpiops
Running Make libs in ps7_cortexa9_0/libsrc/countdisplay_v1_00_a/src
make -C ps7_cortexa9_0/libsrc/countdisplay_v1_00_a/src -s libs  "SHELL=/bin/sh" "COMPILER=arm-none-eabi-gcc" "ARCHIVER=arm-none-eabi-ar" "COMPILER_FLAGS=  -O2 -c" "EXTRA_COMPILER_FLAGS=-mcpu=cortex-a9 -mfpu=vfpv3 -mfloat-abi=hard -nostartfiles -g -Wall -Wextra"
Compiling countDisplay...
countDisplay_selftest.c: In function 'COUNTDISPLAY_Reg_SelfTest':
countDisplay_selftest.c:52:61: warning: comparison between signed and unsigned integer expressions [-Wsign-compare]
    if ( COUNTDISPLAY_mReadReg (baseaddr, read_loop_index*4) != (read_loop_index+1)*READ_WRITE_MUL_FACTOR){
                                                             ^~
countDisplay_selftest.c:36:6: warning: unused variable 'Index' [-Wunused-variable]
  int Index;
      ^~~~~
Running Make libs in ps7_cortexa9_0/libsrc/emacps_v3_7/src
make -C ps7_cortexa9_0/libsrc/emacps_v3_7/src -s libs  "SHELL=/bin/sh" "COMPILER=arm-none-eabi-gcc" "ARCHIVER=arm-none-eabi-ar" "COMPILER_FLAGS=  -O2 -c" "EXTRA_COMPILER_FLAGS=-mcpu=cortex-a9 -mfpu=vfpv3 -mfloat-abi=hard -nostartfiles -g -Wall -Wextra"
Compiling emacps
Running Make libs in ps7_cortexa9_0/libsrc/scugic_v3_9/src
make -C ps7_cortexa9_0/libsrc/scugic_v3_9/src -s libs  "SHELL=/bin/sh" "COMPILER=arm-none-eabi-gcc" "ARCHIVER=arm-none-eabi-ar" "COMPILER_FLAGS=  -O2 -c" "EXTRA_COMPILER_FLAGS=-mcpu=cortex-a9 -mfpu=vfpv3 -mfloat-abi=hard -nostartfiles -g -Wall -Wextra"
Compiling scugic
Running Make libs in ps7_cortexa9_0/libsrc/uartps_v3_6/src
make -C ps7_cortexa9_0/libsrc/uartps_v3_6/src -s libs  "SHELL=/bin/sh" "COMPILER=arm-none-eabi-gcc" "ARCHIVER=arm-none-eabi-ar" "COMPILER_FLAGS=  -O2 -c" "EXTRA_COMPILER_FLAGS=-mcpu=cortex-a9 -mfpu=vfpv3 -mfloat-abi=hard -nostartfiles -g -Wall -Wextra"
Compiling uartps
Running Make libs in ps7_cortexa9_0/libsrc/prescalesignal_v1_00_a/src
make -C ps7_cortexa9_0/libsrc/prescalesignal_v1_00_a/src -s libs  "SHELL=/bin/sh" "COMPILER=arm-none-eabi-gcc" "ARCHIVER=arm-none-eabi-ar" "COMPILER_FLAGS=  -O2 -c" "EXTRA_COMPILER_FLAGS=-mcpu=cortex-a9 -mfpu=vfpv3 -mfloat-abi=hard -nostartfiles -g -Wall -Wextra"
Compiling prescaleSignal...
prescaleSignal_selftest.c: In function 'PRESCALESIGNAL_Reg_SelfTest':
prescaleSignal_selftest.c:52:63: warning: comparison between signed and unsigned integer expressions [-Wsign-compare]
    if ( PRESCALESIGNAL_mReadReg (baseaddr, read_loop_index*4) != (read_loop_index+1)*READ_WRITE_MUL_FACTOR){
                                                               ^~
prescaleSignal_selftest.c:36:6: warning: unused variable 'Index' [-Wunused-variable]
  int Index;
      ^~~~~
Running Make libs in ps7_cortexa9_0/libsrc/fifo_readout_v1_00_a/src
make -C ps7_cortexa9_0/libsrc/fifo_readout_v1_00_a/src -s libs  "SHELL=/bin/sh" "COMPILER=arm-none-eabi-gcc" "ARCHIVER=arm-none-eabi-ar" "COMPILER_FLAGS=  -O2 -c" "EXTRA_COMPILER_FLAGS=-mcpu=cortex-a9 -mfpu=vfpv3 -mfloat-abi=hard -nostartfiles -g -Wall -Wextra"
Compiling fifo_readout...
fifo_readout_selftest.c: In function 'FIFO_READOUT_Reg_SelfTest':
fifo_readout_selftest.c:52:61: warning: comparison between signed and unsigned integer expressions [-Wsign-compare]
    if ( FIFO_READOUT_mReadReg (baseaddr, read_loop_index*4) != (read_loop_index+1)*READ_WRITE_MUL_FACTOR){
                                                             ^~
fifo_readout_selftest.c:36:6: warning: unused variable 'Index' [-Wunused-variable]
  int Index;
      ^~~~~
Running Make libs in ps7_cortexa9_0/libsrc/common_v1_00_a/src
make -C ps7_cortexa9_0/libsrc/common_v1_00_a/src -s libs  "SHELL=/bin/sh" "COMPILER=arm-none-eabi-gcc" "ARCHIVER=arm-none-eabi-ar" "COMPILER_FLAGS=  -O2 -c" "EXTRA_COMPILER_FLAGS=-mcpu=cortex-a9 -mfpu=vfpv3 -mfloat-abi=hard -nostartfiles -g -Wall -Wextra"
Compiling common
xutil_memtest.c: In function 'XUtil_MemoryTest32':
xutil_memtest.c:161:7: warning: this statement may fall through [-Wimplicit-fallthrough=]
    if (Subtest != XUT_ALLMEMTESTS) {
       ^
xutil_memtest.c:170:2: note: here
  case XUT_WALKONES:
  ^~~~
xutil_memtest.c:222:7: warning: this statement may fall through [-Wimplicit-fallthrough=]
    if (Subtest != XUT_ALLMEMTESTS) {
       ^
xutil_memtest.c:231:2: note: here
  case XUT_WALKZEROS:
  ^~~~
xutil_memtest.c:286:7: warning: this statement may fall through [-Wimplicit-fallthrough=]
    if (Subtest != XUT_ALLMEMTESTS) {
       ^
xutil_memtest.c:294:2: note: here
  case XUT_INVERSEADDR:
  ^~~~
xutil_memtest.c:327:7: warning: this statement may fall through [-Wimplicit-fallthrough=]
    if (Subtest != XUT_ALLMEMTESTS) {
       ^
xutil_memtest.c:337:2: note: here
  case XUT_FIXEDPATTERN:
  ^~~~
xutil_memtest.c: In function 'XUtil_MemoryTest16':
xutil_memtest.c:496:7: warning: this statement may fall through [-Wimplicit-fallthrough=]
    if (Subtest != XUT_ALLMEMTESTS) {
       ^
xutil_memtest.c:504:2: note: here
  case XUT_WALKONES:
  ^~~~
xutil_memtest.c:559:7: warning: this statement may fall through [-Wimplicit-fallthrough=]
    if (Subtest != XUT_ALLMEMTESTS) {
       ^
xutil_memtest.c:568:2: note: here
  case XUT_WALKZEROS:
  ^~~~
xutil_memtest.c:625:7: warning: this statement may fall through [-Wimplicit-fallthrough=]
    if (Subtest != XUT_ALLMEMTESTS) {
       ^
xutil_memtest.c:633:2: note: here
  case XUT_INVERSEADDR:
  ^~~~
xutil_memtest.c:664:7: warning: this statement may fall through [-Wimplicit-fallthrough=]
    if (Subtest != XUT_ALLMEMTESTS) {
       ^
xutil_memtest.c:674:2: note: here
  case XUT_FIXEDPATTERN:
  ^~~~
xutil_memtest.c: In function 'XUtil_MemoryTest8':
xutil_memtest.c:836:7: warning: this statement may fall through [-Wimplicit-fallthrough=]
    if (Subtest != XUT_ALLMEMTESTS) {
       ^
xutil_memtest.c:845:2: note: here
  case XUT_WALKONES:
  ^~~~
xutil_memtest.c:897:7: warning: this statement may fall through [-Wimplicit-fallthrough=]
    if (Subtest != XUT_ALLMEMTESTS) {
       ^
xutil_memtest.c:906:2: note: here
  case XUT_WALKZEROS:
  ^~~~
xutil_memtest.c:962:7: warning: this statement may fall through [-Wimplicit-fallthrough=]
    if (Subtest != XUT_ALLMEMTESTS) {
       ^
xutil_memtest.c:970:2: note: here
  case XUT_INVERSEADDR:
  ^~~~
xutil_memtest.c:1002:7: warning: this statement may fall through [-Wimplicit-fallthrough=]
    if (Subtest != XUT_ALLMEMTESTS) {
       ^
xutil_memtest.c:1012:2: note: here
  case XUT_FIXEDPATTERN:
  ^~~~
Running Make libs in ps7_cortexa9_0/libsrc/xilffs_v3_9/src
make -C ps7_cortexa9_0/libsrc/xilffs_v3_9/src -s libs  "SHELL=/bin/sh" "COMPILER=arm-none-eabi-gcc" "ARCHIVER=arm-none-eabi-ar" "COMPILER_FLAGS=  -O2 -c" "EXTRA_COMPILER_FLAGS=-mcpu=cortex-a9 -mfpu=vfpv3 -mfloat-abi=hard -nostartfiles -g -Wall -Wextra"
Compiling XilFFs Library
Running Make libs in ps7_cortexa9_0/libsrc/oneshot_pulse_v1_00_a/src
make -C ps7_cortexa9_0/libsrc/oneshot_pulse_v1_00_a/src -s libs  "SHELL=/bin/sh" "COMPILER=arm-none-eabi-gcc" "ARCHIVER=arm-none-eabi-ar" "COMPILER_FLAGS=  -O2 -c" "EXTRA_COMPILER_FLAGS=-mcpu=cortex-a9 -mfpu=vfpv3 -mfloat-abi=hard -nostartfiles -g -Wall -Wextra"
Compiling oneshot_pulse...
oneshot_pulse_selftest.c: In function 'ONESHOT_PULSE_Reg_SelfTest':
oneshot_pulse_selftest.c:52:62: warning: comparison between signed and unsigned integer expressions [-Wsign-compare]
    if ( ONESHOT_PULSE_mReadReg (baseaddr, read_loop_index*4) != (read_loop_index+1)*READ_WRITE_MUL_FACTOR){
                                                              ^~
oneshot_pulse_selftest.c:36:6: warning: unused variable 'Index' [-Wunused-variable]
  int Index;
      ^~~~~
Running Make libs in ps7_cortexa9_0/libsrc/testdelay_v1_00_a/src
make -C ps7_cortexa9_0/libsrc/testdelay_v1_00_a/src -s libs  "SHELL=/bin/sh" "COMPILER=arm-none-eabi-gcc" "ARCHIVER=arm-none-eabi-ar" "COMPILER_FLAGS=  -O2 -c" "EXTRA_COMPILER_FLAGS=-mcpu=cortex-a9 -mfpu=vfpv3 -mfloat-abi=hard -nostartfiles -g -Wall -Wextra"
Compiling testDelay...
testDelay_selftest.c: In function 'TESTDELAY_Reg_SelfTest':
testDelay_selftest.c:52:58: warning: comparison between signed and unsigned integer expressions [-Wsign-compare]
    if ( TESTDELAY_mReadReg (baseaddr, read_loop_index*4) != (read_loop_index+1)*READ_WRITE_MUL_FACTOR){
                                                          ^~
testDelay_selftest.c:36:6: warning: unused variable 'Index' [-Wunused-variable]
  int Index;
      ^~~~~
Running Make libs in ps7_cortexa9_0/libsrc/xadcps_v2_2/src
make -C ps7_cortexa9_0/libsrc/xadcps_v2_2/src -s libs  "SHELL=/bin/sh" "COMPILER=arm-none-eabi-gcc" "ARCHIVER=arm-none-eabi-ar" "COMPILER_FLAGS=  -O2 -c" "EXTRA_COMPILER_FLAGS=-mcpu=cortex-a9 -mfpu=vfpv3 -mfloat-abi=hard -nostartfiles -g -Wall -Wextra"
Compiling xadcps
Running Make libs in ps7_cortexa9_0/libsrc/implement_gtid_v1_00_a/src
make -C ps7_cortexa9_0/libsrc/implement_gtid_v1_00_a/src -s libs  "SHELL=/bin/sh" "COMPILER=arm-none-eabi-gcc" "ARCHIVER=arm-none-eabi-ar" "COMPILER_FLAGS=  -O2 -c" "EXTRA_COMPILER_FLAGS=-mcpu=cortex-a9 -mfpu=vfpv3 -mfloat-abi=hard -nostartfiles -g -Wall -Wextra"
Compiling implement_gtid...
implement_gtid_selftest.c: In function 'IMPLEMENT_GTID_Reg_SelfTest':
implement_gtid_selftest.c:52:63: warning: comparison between signed and unsigned integer expressions [-Wsign-compare]
    if ( IMPLEMENT_GTID_mReadReg (baseaddr, read_loop_index*4) != (read_loop_index+1)*READ_WRITE_MUL_FACTOR){
                                                               ^~
implement_gtid_selftest.c:36:6: warning: unused variable 'Index' [-Wunused-variable]
  int Index;
      ^~~~~
Running Make libs in ps7_cortexa9_0/libsrc/trigwordfifo_v1_00_a/src
make -C ps7_cortexa9_0/libsrc/trigwordfifo_v1_00_a/src -s libs  "SHELL=/bin/sh" "COMPILER=arm-none-eabi-gcc" "ARCHIVER=arm-none-eabi-ar" "COMPILER_FLAGS=  -O2 -c" "EXTRA_COMPILER_FLAGS=-mcpu=cortex-a9 -mfpu=vfpv3 -mfloat-abi=hard -nostartfiles -g -Wall -Wextra"
Compiling trigwordfifo...
trigwordfifo_selftest.c: In function 'TRIGWORDFIFO_Reg_SelfTest':
trigwordfifo_selftest.c:52:61: warning: comparison between signed and unsigned integer expressions [-Wsign-compare]
    if ( TRIGWORDFIFO_mReadReg (baseaddr, read_loop_index*4) != (read_loop_index+1)*READ_WRITE_MUL_FACTOR){
                                                             ^~
trigwordfifo_selftest.c:36:6: warning: unused variable 'Index' [-Wunused-variable]
  int Index;
      ^~~~~
Running Make libs in ps7_cortexa9_0/libsrc/combotrigger_v1_00_a/src
make -C ps7_cortexa9_0/libsrc/combotrigger_v1_00_a/src -s libs  "SHELL=/bin/sh" "COMPILER=arm-none-eabi-gcc" "ARCHIVER=arm-none-eabi-ar" "COMPILER_FLAGS=  -O2 -c" "EXTRA_COMPILER_FLAGS=-mcpu=cortex-a9 -mfpu=vfpv3 -mfloat-abi=hard -nostartfiles -g -Wall -Wextra"
Compiling comboTrigger...
comboTrigger_selftest.c: In function 'COMBOTRIGGER_Reg_SelfTest':
comboTrigger_selftest.c:52:61: warning: comparison between signed and unsigned integer expressions [-Wsign-compare]
    if ( COMBOTRIGGER_mReadReg (baseaddr, read_loop_index*4) != (read_loop_index+1)*READ_WRITE_MUL_FACTOR){
                                                             ^~
comboTrigger_selftest.c:36:6: warning: unused variable 'Index' [-Wunused-variable]
  int Index;
      ^~~~~
Running Make libs in ps7_cortexa9_0/libsrc/triggers_v1_00_a/src
make -C ps7_cortexa9_0/libsrc/triggers_v1_00_a/src -s libs  "SHELL=/bin/sh" "COMPILER=arm-none-eabi-gcc" "ARCHIVER=arm-none-eabi-ar" "COMPILER_FLAGS=  -O2 -c" "EXTRA_COMPILER_FLAGS=-mcpu=cortex-a9 -mfpu=vfpv3 -mfloat-abi=hard -nostartfiles -g -Wall -Wextra"
Compiling triggers...
triggers_selftest.c: In function 'TRIGGERS_Reg_SelfTest':
triggers_selftest.c:52:57: warning: comparison between signed and unsigned integer expressions [-Wsign-compare]
    if ( TRIGGERS_mReadReg (baseaddr, read_loop_index*4) != (read_loop_index+1)*READ_WRITE_MUL_FACTOR){
                                                         ^~
triggers_selftest.c:36:6: warning: unused variable 'Index' [-Wunused-variable]
  int Index;
      ^~~~~
Running Make libs in ps7_cortexa9_0/libsrc/devcfg_v3_5/src
make -C ps7_cortexa9_0/libsrc/devcfg_v3_5/src -s libs  "SHELL=/bin/sh" "COMPILER=arm-none-eabi-gcc" "ARCHIVER=arm-none-eabi-ar" "COMPILER_FLAGS=  -O2 -c" "EXTRA_COMPILER_FLAGS=-mcpu=cortex-a9 -mfpu=vfpv3 -mfloat-abi=hard -nostartfiles -g -Wall -Wextra"
Compiling devcfg
Running Make libs in ps7_cortexa9_0/libsrc/bursttrigger_v1_00_a/src
make -C ps7_cortexa9_0/libsrc/bursttrigger_v1_00_a/src -s libs  "SHELL=/bin/sh" "COMPILER=arm-none-eabi-gcc" "ARCHIVER=arm-none-eabi-ar" "COMPILER_FLAGS=  -O2 -c" "EXTRA_COMPILER_FLAGS=-mcpu=cortex-a9 -mfpu=vfpv3 -mfloat-abi=hard -nostartfiles -g -Wall -Wextra"
Compiling burstTrigger...
burstTrigger_selftest.c: In function 'BURSTTRIGGER_Reg_SelfTest':
burstTrigger_selftest.c:52:61: warning: comparison between signed and unsigned integer expressions [-Wsign-compare]
    if ( BURSTTRIGGER_mReadReg (baseaddr, read_loop_index*4) != (read_loop_index+1)*READ_WRITE_MUL_FACTOR){
                                                             ^~
burstTrigger_selftest.c:36:6: warning: unused variable 'Index' [-Wunused-variable]
  int Index;
      ^~~~~
Running Make libs in ps7_cortexa9_0/libsrc/scuwdt_v2_1/src
make -C ps7_cortexa9_0/libsrc/scuwdt_v2_1/src -s libs  "SHELL=/bin/sh" "COMPILER=arm-none-eabi-gcc" "ARCHIVER=arm-none-eabi-ar" "COMPILER_FLAGS=  -O2 -c" "EXTRA_COMPILER_FLAGS=-mcpu=cortex-a9 -mfpu=vfpv3 -mfloat-abi=hard -nostartfiles -g -Wall -Wextra"
Compiling scuwdt
Running Make libs in ps7_cortexa9_0/libsrc/shiftregisters_v1_00_a/src
make -C ps7_cortexa9_0/libsrc/shiftregisters_v1_00_a/src -s libs  "SHELL=/bin/sh" "COMPILER=arm-none-eabi-gcc" "ARCHIVER=arm-none-eabi-ar" "COMPILER_FLAGS=  -O2 -c" "EXTRA_COMPILER_FLAGS=-mcpu=cortex-a9 -mfpu=vfpv3 -mfloat-abi=hard -nostartfiles -g -Wall -Wextra"
Compiling ShiftRegisters...
ShiftRegisters_selftest.c: In function 'SHIFTREGISTERS_Reg_SelfTest':
ShiftRegisters_selftest.c:52:63: warning: comparison between signed and unsigned integer expressions [-Wsign-compare]
    if ( SHIFTREGISTERS_mReadReg (baseaddr, read_loop_index*4) != (read_loop_index+1)*READ_WRITE_MUL_FACTOR){
                                                               ^~
ShiftRegisters_selftest.c:36:6: warning: unused variable 'Index' [-Wunused-variable]
  int Index;
      ^~~~~
Running Make libs in ps7_cortexa9_0/libsrc/usbps_v2_4/src
make -C ps7_cortexa9_0/libsrc/usbps_v2_4/src -s libs  "SHELL=/bin/sh" "COMPILER=arm-none-eabi-gcc" "ARCHIVER=arm-none-eabi-ar" "COMPILER_FLAGS=  -O2 -c" "EXTRA_COMPILER_FLAGS=-mcpu=cortex-a9 -mfpu=vfpv3 -mfloat-abi=hard -nostartfiles -g -Wall -Wextra"
Compiling usbps
Running Make libs in ps7_cortexa9_0/libsrc/ellie_control_v1_00_a/src
make -C ps7_cortexa9_0/libsrc/ellie_control_v1_00_a/src -s libs  "SHELL=/bin/sh" "COMPILER=arm-none-eabi-gcc" "ARCHIVER=arm-none-eabi-ar" "COMPILER_FLAGS=  -O2 -c" "EXTRA_COMPILER_FLAGS=-mcpu=cortex-a9 -mfpu=vfpv3 -mfloat-abi=hard -nostartfiles -g -Wall -Wextra"
Compiling ellie_control...
ellie_control_selftest.c: In function 'ELLIE_CONTROL_Reg_SelfTest':
ellie_control_selftest.c:52:62: warning: comparison between signed and unsigned integer expressions [-Wsign-compare]
    if ( ELLIE_CONTROL_mReadReg (baseaddr, read_loop_index*4) != (read_loop_index+1)*READ_WRITE_MUL_FACTOR){
                                                              ^~
ellie_control_selftest.c:36:6: warning: unused variable 'Index' [-Wunused-variable]
  int Index;
      ^~~~~
Running Make libs in ps7_cortexa9_0/libsrc/clocklogic_v1_00_a/src
make -C ps7_cortexa9_0/libsrc/clocklogic_v1_00_a/src -s libs  "SHELL=/bin/sh" "COMPILER=arm-none-eabi-gcc" "ARCHIVER=arm-none-eabi-ar" "COMPILER_FLAGS=  -O2 -c" "EXTRA_COMPILER_FLAGS=-mcpu=cortex-a9 -mfpu=vfpv3 -mfloat-abi=hard -nostartfiles -g -Wall -Wextra"
Compiling clockLogic...
clockLogic_selftest.c: In function 'CLOCKLOGIC_Reg_SelfTest':
clockLogic_selftest.c:52:59: warning: comparison between signed and unsigned integer expressions [-Wsign-compare]
    if ( CLOCKLOGIC_mReadReg (baseaddr, read_loop_index*4) != (read_loop_index+1)*READ_WRITE_MUL_FACTOR){
                                                           ^~
clockLogic_selftest.c:36:6: warning: unused variable 'Index' [-Wunused-variable]
  int Index;
      ^~~~~
Running Make libs in ps7_cortexa9_0/libsrc/sdps_v3_5/src
make -C ps7_cortexa9_0/libsrc/sdps_v3_5/src -s libs  "SHELL=/bin/sh" "COMPILER=arm-none-eabi-gcc" "ARCHIVER=arm-none-eabi-ar" "COMPILER_FLAGS=  -O2 -c" "EXTRA_COMPILER_FLAGS=-mcpu=cortex-a9 -mfpu=vfpv3 -mfloat-abi=hard -nostartfiles -g -Wall -Wextra"
Compiling sdps
Running Make libs in ps7_cortexa9_0/libsrc/cpu_cortexa9_v2_6/src
make -C ps7_cortexa9_0/libsrc/cpu_cortexa9_v2_6/src -s libs  "SHELL=/bin/sh" "COMPILER=arm-none-eabi-gcc" "ARCHIVER=arm-none-eabi-ar" "COMPILER_FLAGS=  -O2 -c" "EXTRA_COMPILER_FLAGS=-mcpu=cortex-a9 -mfpu=vfpv3 -mfloat-abi=hard -nostartfiles -g -Wall -Wextra"
Compiling cpu_cortexa9
Running Make libs in ps7_cortexa9_0/libsrc/coresightps_dcc_v1_4/src
make -C ps7_cortexa9_0/libsrc/coresightps_dcc_v1_4/src -s libs  "SHELL=/bin/sh" "COMPILER=arm-none-eabi-gcc" "ARCHIVER=arm-none-eabi-ar" "COMPILER_FLAGS=  -O2 -c" "EXTRA_COMPILER_FLAGS=-mcpu=cortex-a9 -mfpu=vfpv3 -mfloat-abi=hard -nostartfiles -g -Wall -Wextra"
Compiling coresightps_dcc
Running Make libs in ps7_cortexa9_0/libsrc/scutimer_v2_1/src
make -C ps7_cortexa9_0/libsrc/scutimer_v2_1/src -s libs  "SHELL=/bin/sh" "COMPILER=arm-none-eabi-gcc" "ARCHIVER=arm-none-eabi-ar" "COMPILER_FLAGS=  -O2 -c" "EXTRA_COMPILER_FLAGS=-mcpu=cortex-a9 -mfpu=vfpv3 -mfloat-abi=hard -nostartfiles -g -Wall -Wextra"
Compiling scutimer
Finished building libraries
17:50:46 **** Build of configuration Debug for project FSBL_tubii ****
make pre-build main-build 
a9-linaro-pre-build-step
 
Building file: ../src/fsbl_handoff.S
Invoking: ARM v7 gcc compiler
arm-none-eabi-gcc -Wall -O0 -g3 -I"/home/zummo/snoplus/TUBii/workspace_tubii/system_wrapper_hw_platform_0" -c -fmessage-length=0 -MT"src/fsbl_handoff.o" -mcpu=cortex-a9 -mfpu=vfpv3 -mfloat-abi=hard -I../../standalone_bsp_0/ps7_cortexa9_0/include -MMD -MP -MF"src/fsbl_handoff.d" -MT"src/fsbl_handoff.o" -o "src/fsbl_handoff.o" "../src/fsbl_handoff.S"
Finished building: ../src/fsbl_handoff.S
 
Building file: ../src/fsbl_hooks.c
Invoking: ARM v7 gcc compiler
arm-none-eabi-gcc -Wall -O0 -g3 -I"/home/zummo/snoplus/TUBii/workspace_tubii/system_wrapper_hw_platform_0" -c -fmessage-length=0 -MT"src/fsbl_hooks.o" -mcpu=cortex-a9 -mfpu=vfpv3 -mfloat-abi=hard -I../../standalone_bsp_0/ps7_cortexa9_0/include -MMD -MP -MF"src/fsbl_hooks.d" -MT"src/fsbl_hooks.o" -o "src/fsbl_hooks.o" "../src/fsbl_hooks.c"
Finished building: ../src/fsbl_hooks.c
 
Building file: ../src/image_mover.c
Invoking: ARM v7 gcc compiler
arm-none-eabi-gcc -Wall -O0 -g3 -I"/home/zummo/snoplus/TUBii/workspace_tubii/system_wrapper_hw_platform_0" -c -fmessage-length=0 -MT"src/image_mover.o" -mcpu=cortex-a9 -mfpu=vfpv3 -mfloat-abi=hard -I../../standalone_bsp_0/ps7_cortexa9_0/include -MMD -MP -MF"src/image_mover.d" -MT"src/image_mover.o" -o "src/image_mover.o" "../src/image_mover.c"
Finished building: ../src/image_mover.c
 
Building file: ../src/main.c
Invoking: ARM v7 gcc compiler
arm-none-eabi-gcc -Wall -O0 -g3 -I"/home/zummo/snoplus/TUBii/workspace_tubii/system_wrapper_hw_platform_0" -c -fmessage-length=0 -MT"src/main.o" -mcpu=cortex-a9 -mfpu=vfpv3 -mfloat-abi=hard -I../../standalone_bsp_0/ps7_cortexa9_0/include -MMD -MP -MF"src/main.d" -MT"src/main.o" -o "src/main.o" "../src/main.c"
Finished building: ../src/main.c
 
Building file: ../src/md5.c
Invoking: ARM v7 gcc compiler
arm-none-eabi-gcc -Wall -O0 -g3 -I"/home/zummo/snoplus/TUBii/workspace_tubii/system_wrapper_hw_platform_0" -c -fmessage-length=0 -MT"src/md5.o" -mcpu=cortex-a9 -mfpu=vfpv3 -mfloat-abi=hard -I../../standalone_bsp_0/ps7_cortexa9_0/include -MMD -MP -MF"src/md5.d" -MT"src/md5.o" -o "src/md5.o" "../src/md5.c"
Finished building: ../src/md5.c
 
Building file: ../src/nand.c
Invoking: ARM v7 gcc compiler
arm-none-eabi-gcc -Wall -O0 -g3 -I"/home/zummo/snoplus/TUBii/workspace_tubii/system_wrapper_hw_platform_0" -c -fmessage-length=0 -MT"src/nand.o" -mcpu=cortex-a9 -mfpu=vfpv3 -mfloat-abi=hard -I../../standalone_bsp_0/ps7_cortexa9_0/include -MMD -MP -MF"src/nand.d" -MT"src/nand.o" -o "src/nand.o" "../src/nand.c"
Finished building: ../src/nand.c
 
Building file: ../src/nor.c
Invoking: ARM v7 gcc compiler
arm-none-eabi-gcc -Wall -O0 -g3 -I"/home/zummo/snoplus/TUBii/workspace_tubii/system_wrapper_hw_platform_0" -c -fmessage-length=0 -MT"src/nor.o" -mcpu=cortex-a9 -mfpu=vfpv3 -mfloat-abi=hard -I../../standalone_bsp_0/ps7_cortexa9_0/include -MMD -MP -MF"src/nor.d" -MT"src/nor.o" -o "src/nor.o" "../src/nor.c"
Finished building: ../src/nor.c
 
Building file: ../src/pcap.c
Invoking: ARM v7 gcc compiler
arm-none-eabi-gcc -Wall -O0 -g3 -I"/home/zummo/snoplus/TUBii/workspace_tubii/system_wrapper_hw_platform_0" -c -fmessage-length=0 -MT"src/pcap.o" -mcpu=cortex-a9 -mfpu=vfpv3 -mfloat-abi=hard -I../../standalone_bsp_0/ps7_cortexa9_0/include -MMD -MP -MF"src/pcap.d" -MT"src/pcap.o" -o "src/pcap.o" "../src/pcap.c"
Finished building: ../src/pcap.c
 
Building file: /home/zummo/snoplus/TUBii/workspace_tubii/system_wrapper_hw_platform_0/ps7_init.c
Invoking: ARM v7 gcc compiler
arm-none-eabi-gcc -Wall -O0 -g3 -I"/home/zummo/snoplus/TUBii/workspace_tubii/system_wrapper_hw_platform_0" -c -fmessage-length=0 -MT"src/ps7_init.o" -mcpu=cortex-a9 -mfpu=vfpv3 -mfloat-abi=hard -I../../standalone_bsp_0/ps7_cortexa9_0/include -MMD -MP -MF"src/ps7_init.d" -MT"src/ps7_init.o" -o "src/ps7_init.o" "/home/zummo/snoplus/TUBii/workspace_tubii/system_wrapper_hw_platform_0/ps7_init.c"
Finished building: /home/zummo/snoplus/TUBii/workspace_tubii/system_wrapper_hw_platform_0/ps7_init.c
 
Building file: ../src/qspi.c
Invoking: ARM v7 gcc compiler
arm-none-eabi-gcc -Wall -O0 -g3 -I"/home/zummo/snoplus/TUBii/workspace_tubii/system_wrapper_hw_platform_0" -c -fmessage-length=0 -MT"src/qspi.o" -mcpu=cortex-a9 -mfpu=vfpv3 -mfloat-abi=hard -I../../standalone_bsp_0/ps7_cortexa9_0/include -MMD -MP -MF"src/qspi.d" -MT"src/qspi.o" -o "src/qspi.o" "../src/qspi.c"
Finished building: ../src/qspi.c
 
Building file: ../src/rsa.c
Invoking: ARM v7 gcc compiler
arm-none-eabi-gcc -Wall -O0 -g3 -I"/home/zummo/snoplus/TUBii/workspace_tubii/system_wrapper_hw_platform_0" -c -fmessage-length=0 -MT"src/rsa.o" -mcpu=cortex-a9 -mfpu=vfpv3 -mfloat-abi=hard -I../../standalone_bsp_0/ps7_cortexa9_0/include -MMD -MP -MF"src/rsa.d" -MT"src/rsa.o" -o "src/rsa.o" "../src/rsa.c"
Finished building: ../src/rsa.c
 
Building file: ../src/sd.c
Invoking: ARM v7 gcc compiler
arm-none-eabi-gcc -Wall -O0 -g3 -I"/home/zummo/snoplus/TUBii/workspace_tubii/system_wrapper_hw_platform_0" -c -fmessage-length=0 -MT"src/sd.o" -mcpu=cortex-a9 -mfpu=vfpv3 -mfloat-abi=hard -I../../standalone_bsp_0/ps7_cortexa9_0/include -MMD -MP -MF"src/sd.d" -MT"src/sd.o" -o "src/sd.o" "../src/sd.c"
Finished building: ../src/sd.c
 
Building target: FSBL_tubii.elf
Invoking: ARM v7 gcc linker
arm-none-eabi-gcc -mcpu=cortex-a9 -mfpu=vfpv3 -mfloat-abi=hard -Wl,-build-id=none -specs=Xilinx.spec -Wl,-T -Wl,../src/lscript.ld -L../../standalone_bsp_0/ps7_cortexa9_0/lib -o "FSBL_tubii.elf"  ./src/fsbl_handoff.o ./src/fsbl_hooks.o ./src/image_mover.o ./src/main.o ./src/md5.o ./src/nand.o ./src/nor.o ./src/pcap.o ./src/ps7_init.o ./src/qspi.o ./src/rsa.o ./src/sd.o   -Wl,--start-group,-lxil,-lgcc,-lc,--end-group -Wl,--start-group,-lxilffs,-lxil,-lgcc,-lc,--end-group
Finished building target: FSBL_tubii.elf
 
Invoking: ARM v7 Print Size
arm-none-eabi-size FSBL_tubii.elf  |tee "FSBL_tubii.elf.size"
   text	   data	    bss	    dec	    hex	filename
  79504	  11264	  74360	 165128	  28508	FSBL_tubii.elf
Finished building: FSBL_tubii.elf.size
 
18:08:57 **** Auto Build of configuration Debug for project new_tubii_server ****
make all 
Building file: ../src/tubii_client.c
Invoking: ARM v7 Linux gcc compiler
arm-linux-gnueabi-gcc -Wall -O0 -g3 -I"/home/zummo/snoplus/TUBii/workspace_tubii/new_tubii_server/src" -c -fmessage-length=0 -MMD -MP -MF"src/tubii_client.d" -MT"src/tubii_client.o" -o "src/tubii_client.o" "../src/tubii_client.c"
In file included from ../src/tubii_client.c:15:0:
../src/tubiiELLIE.h: In function ‘Lengthen’:
../src/tubiiELLIE.h:101:21: warning: passing argument 2 of ‘safe_strtoul’ from incompatible pointer type [-Wincompatible-pointer-types]
   safe_strtoul(dArg,&length);
                     ^
In file included from ../src/tubii_client.c:1:0:
../src/tubii_client.h:7:5: note: expected ‘uint32_t * {aka unsigned int *}’ but argument is of type ‘u32 * {aka long unsigned int *}’
 int safe_strtoul(char *s, uint32_t *si);
     ^
In file included from ../src/tubii_client.c:17:0:
../src/tubiiTriggers.h: In function ‘individualTriggerMask’:
../src/tubiiTriggers.h:164:10: warning: comparison with string literal results in unspecified behavior [-Waddress]
   if(type=="sync"){
          ^
../src/tubiiTriggers.h:170:15: warning: comparison with string literal results in unspecified behavior [-Waddress]
   else if(type=="async"){
               ^
../src/tubii_client.c: In function ‘tubii_status’:
../src/tubii_client.c:888:8: warning: implicit declaration of function ‘getStatusReadout’ [-Wimplicit-function-declaration]
     if(getStatusReadout() == 0) return 1000;
        ^
../src/tubii_client.c: In function ‘auto_load_config’:
../src/tubii_client.c:1029:10: warning: implicit declaration of function ‘strcmp’ [-Wimplicit-function-declaration]
       if(strcmp(call,"user")==0) fscanf(fp,"%s",dbconfig.user);
          ^
../src/tubii_client.c: In function ‘save_TUBii_command’:
../src/tubii_client.c:1063:22: warning: format ‘%u’ expects argument of type ‘unsigned int’, but argument 3 has type ‘u32 {aka long unsigned int}’ [-Wformat=]
     sprintf(command, "SELECT save_tubii ("
                      ^
../src/tubii_client.c:1063:22: warning: format ‘%u’ expects argument of type ‘unsigned int’, but argument 8 has type ‘u32 {aka long unsigned int}’ [-Wformat=]
../src/tubii_client.c:1063:22: warning: format ‘%u’ expects argument of type ‘unsigned int’, but argument 9 has type ‘u32 {aka long unsigned int}’ [-Wformat=]
../src/tubii_client.c:1063:22: warning: format ‘%u’ expects argument of type ‘unsigned int’, but argument 10 has type ‘u32 {aka long unsigned int}’ [-Wformat=]
../src/tubii_client.c:1063:22: warning: format ‘%u’ expects argument of type ‘unsigned int’, but argument 11 has type ‘u32 {aka long unsigned int}’ [-Wformat=]
../src/tubii_client.c:1063:22: warning: format ‘%u’ expects argument of type ‘unsigned int’, but argument 12 has type ‘u32 {aka long unsigned int}’ [-Wformat=]
../src/tubii_client.c:1063:22: warning: format ‘%u’ expects argument of type ‘unsigned int’, but argument 13 has type ‘u32 {aka long unsigned int}’ [-Wformat=]
../src/tubii_client.c:1063:22: warning: format ‘%u’ expects argument of type ‘unsigned int’, but argument 14 has type ‘u32 {aka long unsigned int}’ [-Wformat=]
../src/tubii_client.c:1063:22: warning: format ‘%u’ expects argument of type ‘unsigned int’, but argument 17 has type ‘u32 {aka long unsigned int}’ [-Wformat=]
../src/tubii_client.c:1063:22: warning: format ‘%u’ expects argument of type ‘unsigned int’, but argument 18 has type ‘u32 {aka long unsigned int}’ [-Wformat=]
../src/tubii_client.c:1063:22: warning: format ‘%u’ expects argument of type ‘unsigned int’, but argument 19 has type ‘u32 {aka long unsigned int}’ [-Wformat=]
../src/tubii_client.c:1063:22: warning: format ‘%u’ expects argument of type ‘unsigned int’, but argument 20 has type ‘u32 {aka long unsigned int}’ [-Wformat=]
../src/tubii_client.c:1063:22: warning: format ‘%u’ expects argument of type ‘unsigned int’, but argument 21 has type ‘u32 {aka long unsigned int}’ [-Wformat=]
../src/tubii_client.c: In function ‘save_tubii’:
../src/tubii_client.c:1310:22: warning: format ‘%u’ expects argument of type ‘unsigned int’, but argument 3 has type ‘u32 {aka long unsigned int}’ [-Wformat=]
     sprintf(command, "INSERT INTO TUBii ("
                      ^
../src/tubii_client.c:1310:22: warning: format ‘%u’ expects argument of type ‘unsigned int’, but argument 8 has type ‘u32 {aka long unsigned int}’ [-Wformat=]
../src/tubii_client.c:1310:22: warning: format ‘%u’ expects argument of type ‘unsigned int’, but argument 9 has type ‘u32 {aka long unsigned int}’ [-Wformat=]
../src/tubii_client.c:1310:22: warning: format ‘%u’ expects argument of type ‘unsigned int’, but argument 10 has type ‘u32 {aka long unsigned int}’ [-Wformat=]
../src/tubii_client.c:1310:22: warning: format ‘%u’ expects argument of type ‘unsigned int’, but argument 11 has type ‘u32 {aka long unsigned int}’ [-Wformat=]
../src/tubii_client.c:1310:22: warning: format ‘%u’ expects argument of type ‘unsigned int’, but argument 12 has type ‘u32 {aka long unsigned int}’ [-Wformat=]
../src/tubii_client.c:1310:22: warning: format ‘%u’ expects argument of type ‘unsigned int’, but argument 13 has type ‘u32 {aka long unsigned int}’ [-Wformat=]
../src/tubii_client.c:1310:22: warning: format ‘%u’ expects argument of type ‘unsigned int’, but argument 14 has type ‘u32 {aka long unsigned int}’ [-Wformat=]
../src/tubii_client.c:1310:22: warning: format ‘%u’ expects argument of type ‘unsigned int’, but argument 17 has type ‘u32 {aka long unsigned int}’ [-Wformat=]
../src/tubii_client.c:1310:22: warning: format ‘%u’ expects argument of type ‘unsigned int’, but argument 18 has type ‘u32 {aka long unsigned int}’ [-Wformat=]
../src/tubii_client.c:1310:22: warning: format ‘%u’ expects argument of type ‘unsigned int’, but argument 19 has type ‘u32 {aka long unsigned int}’ [-Wformat=]
../src/tubii_client.c:1310:22: warning: format ‘%u’ expects argument of type ‘unsigned int’, but argument 20 has type ‘u32 {aka long unsigned int}’ [-Wformat=]
../src/tubii_client.c:1310:22: warning: format ‘%u’ expects argument of type ‘unsigned int’, but argument 21 has type ‘u32 {aka long unsigned int}’ [-Wformat=]
../src/tubii_client.c: At top level:
../src/tubii_client.c:1304:12: warning: ‘save_tubii’ defined but not used [-Wunused-function]
 static int save_tubii(aeEventLoop *el, long long id, void *data)
            ^
Finished building: ../src/tubii_client.c
 
Building target: new_tubii_server.elf
Invoking: ARM v7 Linux gcc linker
arm-linux-gnueabi-gcc -L"/home/zummo/snoplus/TUBii/workspace_tubii/new_tubii_server/src" -o "new_tubii_server.elf"  ./src/adlist.o ./src/ae.o ./src/ae_epoll.o ./src/anet.o ./src/async.o ./src/blocked.o ./src/data.o ./src/db.o ./src/dict.o ./src/hiredis.o ./src/logging.o ./src/net.o ./src/networking.o ./src/read.o ./src/sds.o ./src/server.o ./src/sha1.o ./src/sock.o ./src/tubii-server.o ./src/tubii_client.o ./src/util.o   -lm -lpthread -lpq
Finished building target: new_tubii_server.elf
 
