18:36:56 **** Build of configuration Debug for project linuxxxxxxxxxxxx ****
make all 
'Building file: ../src/helloworld.c'
'Invoking: ARM Linux gcc compiler'
arm-xilinx-linux-gnueabi-gcc -Wall -O0 -g3 -c -fmessage-length=0 -MMD -MP -MF"src/helloworld.d" -MT"src/helloworld.d" -o "src/helloworld.o" "../src/helloworld.c"
'Finished building: ../src/helloworld.c'
' '
'Building target: linuxxxxxxxxxxxx.elf'
'Invoking: ARM Linux gcc linker'
arm-xilinx-linux-gnueabi-gcc  -o "linuxxxxxxxxxxxx.elf"  ./src/helloworld.o   
'Finished building target: linuxxxxxxxxxxxx.elf'
' '
'Invoking: ARM Linux Print Size'
arm-xilinx-linux-gnueabi-size linuxxxxxxxxxxxx.elf  |tee "linuxxxxxxxxxxxx.elf.size"
   text	   data	    bss	    dec	    hex	filename
   1286	    292	      4	   1582	    62e	linuxxxxxxxxxxxx.elf
'Finished building: linuxxxxxxxxxxxx.elf.size'
' '

18:37:32 Build Finished (took 35s.927ms)

